Archive member included to satisfy reference by file (symbol)

C:/devkitPro/libctru/lib\libctru.a(console.o)
                              main.o (consoleInit)
C:/devkitPro/libctru/lib\libctru.a(gfx.o)
                              C:/devkitPro/libctru/lib\libctru.a(console.o) (gfxSetScreenFormat)
C:/devkitPro/libctru/lib\libctru.a(gx.o)
                              C:/devkitPro/libctru/lib\libctru.a(gfx.o) (gxCmdBuf)
C:/devkitPro/libctru/lib\libctru.a(gspgpu.o)
                              C:/devkitPro/libctru/lib\libctru.a(gfx.o) (gspInit)
C:/devkitPro/libctru/lib\libctru.a(apt.o)
                              main.o (aptMainLoop)
C:/devkitPro/libctru/lib\libctru.a(hid.o)
                              main.o (hidScanInput)
C:/devkitPro/libctru/lib\libctru.a(initSystem.o)
                              C:/devkitPro/libctru/lib\libctru.a(apt.o) (__system_retAddr)
C:/devkitPro/libctru/lib\libctru.a(syscalls.o)
                              C:/devkitPro/libctru/lib\libctru.a(initSystem.o) (__system_initSyscalls)
C:/devkitPro/libctru/lib\libctru.a(allocateHeaps.o)
                              C:/devkitPro/libctru/lib\libctru.a(initSystem.o) (__system_allocateHeaps)
C:/devkitPro/libctru/lib\libctru.a(initArgv.o)
                              C:/devkitPro/libctru/lib\libctru.a(initSystem.o) (__system_initArgv)
C:/devkitPro/libctru/lib\libctru.a(svc.o)
                              C:/devkitPro/libctru/lib\libctru.a(allocateHeaps.o) (svcControlMemory)
C:/devkitPro/libctru/lib\libctru.a(stack_adjust.o)
                              c:/devkitpro/devkitarm/bin/../lib/gcc/arm-none-eabi/8.3.0/../../../../arm-none-eabi/lib/armv6k/fpu/3dsx_crt0.o (initSystem)
C:/devkitPro/libctru/lib\libctru.a(default_font.bin.o)
                              C:/devkitPro/libctru/lib\libctru.a(console.o) (default_font_bin)
C:/devkitPro/libctru/lib\libctru.a(vram.o)
                              C:/devkitPro/libctru/lib\libctru.a(gfx.o) (vramAlloc)
C:/devkitPro/libctru/lib\libctru.a(mappable.o)
                              C:/devkitPro/libctru/lib\libctru.a(gfx.o) (mappableAlloc)
C:/devkitPro/libctru/lib\libctru.a(linear.o)
                              C:/devkitPro/libctru/lib\libctru.a(gfx.o) (linearAlloc)
C:/devkitPro/libctru/lib\libctru.a(mem_pool.o)
                              C:/devkitPro/libctru/lib\libctru.a(vram.o) (MemPool::Allocate(MemChunk&, unsigned long, int))
C:/devkitPro/libctru/lib\libctru.a(synchronization.o)
                              C:/devkitPro/libctru/lib\libctru.a(initSystem.o) (__sync_init)
C:/devkitPro/libctru/lib\libctru.a(os.o)
                              C:/devkitPro/libctru/lib\libctru.a(allocateHeaps.o) (osGetMemRegionUsed)
C:/devkitPro/libctru/lib\libctru.a(srv.o)
                              C:/devkitPro/libctru/lib\libctru.a(apt.o) (srvInit)
C:/devkitPro/libctru/lib\libctru.a(thread.o)
                              C:/devkitPro/libctru/lib\libctru.a(gspgpu.o) (threadCreate)
C:/devkitPro/libctru/lib\libctru.a(irrst.o)
                              C:/devkitPro/libctru/lib\libctru.a(hid.o) (irrstScanInput)
C:/devkitPro/libctru/lib\libctru.a(srvpm.o)
                              C:/devkitPro/libctru/lib\libctru.a(srv.o) (srvPmGetSessionHandle)
C:/devkitPro/libctru/lib\libctru.a(ptmsysm.o)
                              C:/devkitPro/libctru/lib\libctru.a(os.o) (ptmSysmInit)
C:/devkitPro/libctru/lib\libctru.a(rbtree_init.o)
                              C:/devkitPro/libctru/lib\libctru.a(vram.o) (rbtree_init)
C:/devkitPro/libctru/lib\libctru.a(rbtree_insert.o)
                              C:/devkitPro/libctru/lib\libctru.a(vram.o) (rbtree_insert)
C:/devkitPro/libctru/lib\libctru.a(rbtree_rotate.o)
                              C:/devkitPro/libctru/lib\libctru.a(rbtree_insert.o) (rbtree_rotate)
C:/devkitPro/libctru/lib\libctru.a(rbtree_remove.o)
                              C:/devkitPro/libctru/lib\libctru.a(vram.o) (rbtree_remove)
C:/devkitPro/libctru/lib\libctru.a(rbtree_find.o)
                              C:/devkitPro/libctru/lib\libctru.a(vram.o) (rbtree_find)
C:/devkitPro/libctru/lib\libctru.a(appInit.o)
                              C:/devkitPro/libctru/lib\libctru.a(stack_adjust.o) (__appInit)
C:/devkitPro/libctru/lib\libctru.a(appExit.o)
                              C:/devkitPro/libctru/lib\libctru.a(stack_adjust.o) (__appExit)
C:/devkitPro/libctru/lib\libctru.a(ctru_exit.o)
                              C:/devkitPro/libctru/lib\libctru.a(stack_adjust.o) (__libctru_exit)
C:/devkitPro/libctru/lib\libctru.a(env.o)
                              C:/devkitPro/libctru/lib\libctru.a(srv.o) (envGetHandle)
C:/devkitPro/libctru/lib\libctru.a(sdmc_dev.o)
                              C:/devkitPro/libctru/lib\libctru.a(appInit.o) (sdmcInit)
C:/devkitPro/libctru/lib\libctru.a(fs.o)
                              C:/devkitPro/libctru/lib\libctru.a(appInit.o) (fsInit)
C:/devkitPro/libctru/lib\libctru.a(rbtree_iterator.o)
[...]
Memory Configuration

Name             Origin             Length             Attributes
*default*        0x0000000000000000 0xffffffffffffffff

Linker script and memory map

                0x0000000000100000                PROVIDE (__start__ = 0x100000)
                0x0000000000100000                . = __start__

.text           0x0000000000100000    0x18448
 *(.crt0)
 .crt0          0x0000000000100000       0x94 c:/devkitpro/devkitarm/bin/../lib/gcc/arm-none-eabi/8.3.0/../../../../arm-none-eabi/lib/armv6k/fpu/3dsx_crt0.o
                0x0000000000100000                _start
                0x0000000000100008                __service_ptr
                0x000000000010000c                __apt_appid
                0x0000000000100010                __heap_size
                0x0000000000100014                __linear_heap_size
                0x0000000000100018                __system_arglist
                0x000000000010001c                __system_runflags
 *(.init)
 .init          0x0000000000100094        0xc c:/devkitpro/devkitarm/bin/../lib/gcc/arm-none-eabi/8.3.0/armv6k/fpu/crti.o
                0x0000000000100094                _init
 .init          0x00000000001000a0        0xc c:/devkitpro/devkitarm/bin/../lib/gcc/arm-none-eabi/8.3.0/armv6k/fpu/crtn.o
                0x00000000001000ac                . = ALIGN (0x4)
 *(.text)
 .text          0x00000000001000ac       0x64 C:/devkitPro/libctru/lib\libctru.a(stack_adjust.o)
                0x00000000001000ac                initSystem
                0x00000000001000f0                __ctru_exit
 .text          0x0000000000100110      0x240 c:/devkitpro/devkitarm/bin/../lib/gcc/arm-none-eabi/8.3.0/armv6k/fpu\libgcc.a(_divsi3.o)
                0x0000000000100110                __divsi3
                0x0000000000100110                __aeabi_idiv
                0x0000000000100330                __aeabi_idivmod
 .text          0x0000000000100350        0x4 c:/devkitpro/devkitarm/bin/../lib/gcc/arm-none-eabi/8.3.0/armv6k/fpu\libgcc.a(_dvmd_tls.o)
                0x0000000000100350                __aeabi_idiv0
                0x0000000000100350                __aeabi_ldiv0
 .text          0x0000000000100354       0x3c c:/devkitpro/devkitarm/bin/../lib/gcc/arm-none-eabi/8.3.0/armv6k/fpu\libgcc.a(_aeabi_uldivmod.o)
                0x0000000000100354                __aeabi_uldivmod
 *fill*         0x0000000000100390       0x10 
 .text          0x00000000001003a0      0x390 c:/devkitpro/devkitarm/bin/../lib/gcc/arm-none-eabi/8.3.0/../../../../arm-none-eabi/lib/armv6k/fpu\libg.a(lib_a-strcmp.o)
                0x00000000001003a8                strcmp
 .text          0x0000000000100730      0x20c c:/devkitpro/devkitarm/bin/../lib/gcc/arm-none-eabi/8.3.0/armv6k/fpu\libgcc.a(_udivsi3.o)
                0x0000000000100730                __aeabi_uidiv
                0x0000000000100730                __udivsi3
                0x000000000010091c                __aeabi_uidivmod
 .text          0x000000000010093c      0x3c0 c:/devkitpro/devkitarm/bin/../lib/gcc/arm-none-eabi/8.3.0/armv6k/fpu\libgcc.a(_arm_addsubdf3.o)
                0x000000000010093c                __aeabi_drsub
                0x0000000000100944                __aeabi_dsub
                0x0000000000100944                __subdf3
                0x0000000000100948                __aeabi_dadd
                0x0000000000100948                __adddf3
                0x0000000000100bf4                __floatunsidf
                0x0000000000100bf4                __aeabi_ui2d
                0x0000000000100c18                __floatsidf
                0x0000000000100c18                __aeabi_i2d
                0x0000000000100c40                __aeabi_f2d
                0x0000000000100c40                __extendsfdf2
                0x0000000000100c88                __floatundidf
                0x0000000000100c88                __aeabi_ul2d
                0x0000000000100c9c                __floatdidf
                0x0000000000100c9c                __aeabi_l2d
 *(.text.*)
 .text.deregister_tm_clones
                0x0000000000100cfc       0x2c c:/devkitpro/devkitarm/bin/../lib/gcc/arm-none-eabi/8.3.0/armv6k/fpu/crtbegin.o
 .text.register_tm_clones
                0x0000000000100d28       0x38 c:/devkitpro/devkitarm/bin/../lib/gcc/arm-none-eabi/8.3.0/armv6k/fpu/crtbegin.o
 .text.__do_global_dtors_aux
                0x0000000000100d60       0x44 c:/devkitpro/devkitarm/bin/../lib/gcc/arm-none-eabi/8.3.0/armv6k/fpu/crtbegin.o
 .text.frame_dummy
                0x0000000000100da4       0x34 c:/devkitpro/devkitarm/bin/../lib/gcc/arm-none-eabi/8.3.0/armv6k/fpu/crtbegin.o
 .text.startup.main
                0x0000000000100dd8       0x5c main.o
                0x0000000000100dd8                main
 .text.consoleDrawChar
                0x0000000000100e34      0x1b8 C:/devkitPro/libctru/lib\libctru.a(console.o)
                0x0000000000100e34                consoleDrawChar
 .text.consolePrintChar
                0x0000000000100fec      0x124 C:/devkitPro/libctru/lib\libctru.a(console.o)
                0x0000000000100fec                consolePrintChar
 .text.consoleCls
                0x0000000000101110      0x164 C:/devkitPro/libctru/lib\libctru.a(console.o)
 .text.consoleInit
                0x0000000000101274      0x104 C:/devkitPro/libctru/lib\libctru.a(console.o)
                0x0000000000101274                consoleInit
 .text.consoleClearLine
                0x0000000000101378      0x114 C:/devkitPro/libctru/lib\libctru.a(console.o)
 .text.newRow   0x000000000010148c       0xc4 C:/devkitPro/libctru/lib\libctru.a(console.o)
 .text.con_write
                0x0000000000101550      0x7b8 C:/devkitPro/libctru/lib\libctru.a(console.o)
                0x0000000000101550                con_write
 .text.gfxSetFramebufferInfo.part.0
                0x0000000000101d08       0x8c C:/devkitPro/libctru/lib\libctru.a(gfx.o)
 .text.gfxSetFramebufferInfo
                0x0000000000101d94       0x6c C:/devkitPro/libctru/lib\libctru.a(gfx.o)
 .text.gfxGetFramebuffer.part.1
                0x0000000000101e00       0x58 C:/devkitPro/libctru/lib\libctru.a(gfx.o)
 .text.__get_bytes_per_pixel
                0x0000000000101e58       0x18 C:/devkitPro/libctru/lib\libctru.a(gfx.o)
                0x0000000000101e58                __get_bytes_per_pixel
 .text.gfxSetScreenFormat
                0x0000000000101e70      0x184 C:/devkitPro/libctru/lib\libctru.a(gfx.o)
                0x0000000000101e70                gfxSetScreenFormat
 .text.gfxSetDoubleBuffering
                0x0000000000101ff4       0x10 C:/devkitPro/libctru/lib\libctru.a(gfx.o)
                0x0000000000101ff4                gfxSetDoubleBuffering
 .text.gfxInit  0x0000000000102004      0x210 C:/devkitPro/libctru/lib\libctru.a(gfx.o)
                0x0000000000102004                gfxInit
 .text.gfxInitDefault
                0x0000000000102214       0x10 C:/devkitPro/libctru/lib\libctru.a(gfx.o)
                0x0000000000102214                gfxInitDefault
 .text.gfxExit  0x0000000000102224       0xe0 C:/devkitPro/libctru/lib\libctru.a(gfx.o)
                0x0000000000102224                gfxExit
 .text.gfxGetFramebuffer
                0x0000000000102304       0x60 C:/devkitPro/libctru/lib\libctru.a(gfx.o)
                0x0000000000102304                gfxGetFramebuffer
 .text.gfxFlushBuffers
                0x0000000000102364       0xcc C:/devkitPro/libctru/lib\libctru.a(gfx.o)
                0x0000000000102364                gfxFlushBuffers
 .text.gfxConfigScreen
                0x0000000000102430       0xf8 C:/devkitPro/libctru/lib\libctru.a(gfx.o)
                0x0000000000102430                gfxConfigScreen
 .text.gfxSwapBuffers
                0x0000000000102528       0x20 C:/devkitPro/libctru/lib\libctru.a(gfx.o)
                0x0000000000102528                gfxSwapBuffers
 .text.gfxSwapBuffersGpu
                0x0000000000102548       0x20 C:/devkitPro/libctru/lib\libctru.a(gfx.o)
                0x0000000000102548                gfxSwapBuffersGpu
 .text.gspInit  0x0000000000102568       0x74 C:/devkitPro/libctru/lib\libctru.a(gspgpu.o)
                0x0000000000102568                gspInit
 .text.gspExit  0x00000000001025dc       0x3c C:/devkitPro/libctru/lib\libctru.a(gspgpu.o)
                0x00000000001025dc                gspExit
 .text.gspInitEventHandler
                0x0000000000102618       0xa0 C:/devkitPro/libctru/lib\libctru.a(gspgpu.o)
                0x0000000000102618                gspInitEventHandler
 .text.gspExitEventHandler
                0x00000000001026b8       0x40 C:/devkitPro/libctru/lib\libctru.a(gspgpu.o)
                0x00000000001026b8                gspExitEventHandler
 .text.gspWaitForEvent
                0x00000000001026f8       0x44 C:/devkitPro/libctru/lib\libctru.a(gspgpu.o)
                0x00000000001026f8                gspWaitForEvent
 .text.gxCmdQueueInterrupt
                0x000000000010273c        0x4 C:/devkitPro/libctru/lib\libctru.a(gspgpu.o)
                0x000000000010273c                gxCmdQueueInterrupt
 .text.gspEventThreadMain
                0x0000000000102740      0x178 C:/devkitPro/libctru/lib\libctru.a(gspgpu.o)
 .text.GSPGPU_SetBufferSwap
                0x00000000001028b8       0x6c C:/devkitPro/libctru/lib\libctru.a(gspgpu.o)
                0x00000000001028b8                GSPGPU_SetBufferSwap
 .text.GSPGPU_FlushDataCache
                0x0000000000102924       0x4c C:/devkitPro/libctru/lib\libctru.a(gspgpu.o)
                0x0000000000102924                GSPGPU_FlushDataCache
 .text.GSPGPU_SetLcdForceBlack
                0x0000000000102970       0x34 C:/devkitPro/libctru/lib\libctru.a(gspgpu.o)
                0x0000000000102970                GSPGPU_SetLcdForceBlack
 .text.GSPGPU_RegisterInterruptRelayQueue
                0x00000000001029a4       0x64 C:/devkitPro/libctru/lib\libctru.a(gspgpu.o)
                0x00000000001029a4                GSPGPU_RegisterInterruptRelayQueue
 .text.GSPGPU_UnregisterInterruptRelayQueue
                0x0000000000102a08       0x2c C:/devkitPro/libctru/lib\libctru.a(gspgpu.o)
                0x0000000000102a08                GSPGPU_UnregisterInterruptRelayQueue
 .text.GSPGPU_AcquireRight
                0x0000000000102a34       0x48 C:/devkitPro/libctru/lib\libctru.a(gspgpu.o)
                0x0000000000102a34                GSPGPU_AcquireRight
 .text.GSPGPU_ReleaseRight
                0x0000000000102a7c       0x2c C:/devkitPro/libctru/lib\libctru.a(gspgpu.o)
                0x0000000000102a7c                GSPGPU_ReleaseRight
 .text.GSPGPU_ImportDisplayCaptureInfo
                0x0000000000102aa8       0x80 C:/devkitPro/libctru/lib\libctru.a(gspgpu.o)
                0x0000000000102aa8                GSPGPU_ImportDisplayCaptureInfo
 .text.GSPGPU_SaveVramSysArea
                0x0000000000102b28       0x2c C:/devkitPro/libctru/lib\libctru.a(gspgpu.o)
                0x0000000000102b28                GSPGPU_SaveVramSysArea
 .text.GSPGPU_RestoreVramSysArea
                0x0000000000102b54       0x2c C:/devkitPro/libctru/lib\libctru.a(gspgpu.o)
                0x0000000000102b54                GSPGPU_RestoreVramSysArea
 .text._aptDebug
                0x0000000000102b80        0x4 C:/devkitPro/libctru/lib\libctru.a(apt.o)
                0x0000000000102b80                _aptDebug
 .text.aptSendCommand
                0x0000000000102b84      0x170 C:/devkitPro/libctru/lib\libctru.a(apt.o)
                0x0000000000102b84                aptSendCommand
 .text.aptExitProcess
                0x0000000000102cf4       0x3c C:/devkitPro/libctru/lib\libctru.a(apt.o)
 .text.APT_InquireNotification
                0x0000000000102d30       0x4c C:/devkitPro/libctru/lib\libctru.a(apt.o)
                0x0000000000102d30                APT_InquireNotification
 .text.aptEventHandler
                0x0000000000102d7c      0x198 C:/devkitPro/libctru/lib\libctru.a(apt.o)
 .text.APT_AppletUtility
                0x0000000000102f14       0x74 C:/devkitPro/libctru/lib\libctru.a(apt.o)
                0x0000000000102f14                APT_AppletUtility
 .text.aptSetSleepAllowed
                0x0000000000102f88       0xb0 C:/devkitPro/libctru/lib\libctru.a(apt.o)
                0x0000000000102f88                aptSetSleepAllowed
 .text.APT_GlanceParameter
                0x0000000000103038       0xb0 C:/devkitPro/libctru/lib\libctru.a(apt.o)
                0x0000000000103038                APT_GlanceParameter
 .text.APT_ReceiveParameter
                0x00000000001030e8       0xc4 C:/devkitPro/libctru/lib\libctru.a(apt.o)
                0x00000000001030e8                APT_ReceiveParameter
 .text.aptReceiveParameter.constprop.0
                0x00000000001031ac       0xbc C:/devkitPro/libctru/lib\libctru.a(apt.o)
 .text.aptScreenTransfer
                0x0000000000103268      0x1e0 C:/devkitPro/libctru/lib\libctru.a(apt.o)
 .text.aptWaitForWakeUp
                0x0000000000103448      0x210 C:/devkitPro/libctru/lib\libctru.a(apt.o)
 .text.APT_CancelParameter
                0x0000000000103658       0x70 C:/devkitPro/libctru/lib\libctru.a(apt.o)
                0x0000000000103658                APT_CancelParameter
 .text.aptInit  0x00000000001036c8      0x25c C:/devkitPro/libctru/lib\libctru.a(apt.o)
                0x00000000001036c8                aptInit
 .text.aptClearParamQueue
                0x0000000000103924       0x88 C:/devkitPro/libctru/lib\libctru.a(apt.o)
 .text.aptMainLoop
                0x00000000001039ac      0x208 C:/devkitPro/libctru/lib\libctru.a(apt.o)
                0x00000000001039ac                aptMainLoop
 *fill*         0x0000000000103bb4        0x4 
 .text.aptExit  0x0000000000103bb8      0x23c C:/devkitPro/libctru/lib\libctru.a(apt.o)
                0x0000000000103bb8                aptExit
 .text.APT_CheckNew3DS
                0x0000000000103df4       0x7c C:/devkitPro/libctru/lib\libctru.a(apt.o)
                0x0000000000103df4                APT_CheckNew3DS
 .text.hidCheckSectionUpdateTime.part.0
                0x0000000000103e70       0x28 C:/devkitPro/libctru/lib\libctru.a(hid.o)
 .text.hidExit  0x0000000000103e98       0xd0 C:/devkitPro/libctru/lib\libctru.a(hid.o)
                0x0000000000103e98                hidExit
 .text.hidScanInput
                0x0000000000103f68      0x210 C:/devkitPro/libctru/lib\libctru.a(hid.o)
                0x0000000000103f68                hidScanInput
 .text.hidKeysDown
                0x0000000000104178       0x10 C:/devkitPro/libctru/lib\libctru.a(hid.o)
                0x0000000000104178                hidKeysDown
 .text.HIDUSER_GetHandles
                0x0000000000104188       0x90 C:/devkitPro/libctru/lib\libctru.a(hid.o)
                0x0000000000104188                HIDUSER_GetHandles
 .text.hidInit  0x0000000000104218      0x1a4 C:/devkitPro/libctru/lib\libctru.a(hid.o)
                0x0000000000104218                hidInit
 .text.__libctru_init
                0x00000000001043bc       0x38 C:/devkitPro/libctru/lib\libctru.a(initSystem.o)
                0x00000000001043bc                __libctru_init
 .text.__libctru_nanosleep
                0x00000000001043f4       0x38 C:/devkitPro/libctru/lib\libctru.a(syscalls.o)
 .text.__ctru_get_reent
                0x000000000010442c       0x30 C:/devkitPro/libctru/lib\libctru.a(syscalls.o)
 .text.__system_initSyscalls
                0x000000000010445c       0xfc C:/devkitPro/libctru/lib\libctru.a(syscalls.o)
                0x000000000010445c                __system_initSyscalls
 .text.__system_allocateHeaps
                0x0000000000104558      0x104 C:/devkitPro/libctru/lib\libctru.a(allocateHeaps.o)
                0x0000000000104558                __system_allocateHeaps
 .text.__system_initArgv
                0x000000000010465c       0xf0 C:/devkitPro/libctru/lib\libctru.a(initArgv.o)
                0x000000000010465c                __system_initArgv
 .text.svcControlMemory
                0x000000000010474c       0x20 C:/devkitPro/libctru/lib\libctru.a(svc.o)
                0x000000000010474c                svcControlMemory
 .text.svcExitProcess
                0x000000000010476c        0x8 C:/devkitPro/libctru/lib\libctru.a(svc.o)
                0x000000000010476c                svcExitProcess
 .text.svcCreateThread
                0x0000000000104774       0x20 C:/devkitPro/libctru/lib\libctru.a(svc.o)
                0x0000000000104774                svcCreateThread
 .text.svcExitThread
                0x0000000000104794        0x8 C:/devkitPro/libctru/lib\libctru.a(svc.o)
                0x0000000000104794                svcExitThread
 .text.svcSleepThread
                0x000000000010479c        0x8 C:/devkitPro/libctru/lib\libctru.a(svc.o)
                0x000000000010479c                svcSleepThread
 .text.svcReleaseMutex
                0x00000000001047a4        0x8 C:/devkitPro/libctru/lib\libctru.a(svc.o)
                0x00000000001047a4                svcReleaseMutex
 .text.svcCreateEvent
                0x00000000001047ac       0x14 C:/devkitPro/libctru/lib\libctru.a(svc.o)
                0x00000000001047ac                svcCreateEvent
 .text.svcSignalEvent
                0x00000000001047c0        0x8 C:/devkitPro/libctru/lib\libctru.a(svc.o)
                0x00000000001047c0                svcSignalEvent
 .text.svcClearEvent
                0x00000000001047c8        0x8 C:/devkitPro/libctru/lib\libctru.a(svc.o)
                0x00000000001047c8                svcClearEvent
 .text.svcMapMemoryBlock
                0x00000000001047d0        0x8 C:/devkitPro/libctru/lib\libctru.a(svc.o)
                0x00000000001047d0                svcMapMemoryBlock
 .text.svcUnmapMemoryBlock
                0x00000000001047d8        0x8 C:/devkitPro/libctru/lib\libctru.a(svc.o)
                0x00000000001047d8                svcUnmapMemoryBlock
 .text.svcCreateAddressArbiter
                0x00000000001047e0       0x14 C:/devkitPro/libctru/lib\libctru.a(svc.o)
                0x00000000001047e0                svcCreateAddressArbiter
 .text.svcArbitrateAddress
                0x00000000001047f4       0x18 C:/devkitPro/libctru/lib\libctru.a(svc.o)
                0x00000000001047f4                svcArbitrateAddress
 .text.svcCloseHandle
                0x000000000010480c        0x8 C:/devkitPro/libctru/lib\libctru.a(svc.o)
                0x000000000010480c                svcCloseHandle
 .text.svcWaitSynchronization
                0x0000000000104814        0x8 C:/devkitPro/libctru/lib\libctru.a(svc.o)
                0x0000000000104814                svcWaitSynchronization
 .text.svcWaitSynchronizationN
                0x000000000010481c       0x28 C:/devkitPro/libctru/lib\libctru.a(svc.o)
                0x000000000010481c                svcWaitSynchronizationN
 .text.svcDuplicateHandle
                0x0000000000104844       0x14 C:/devkitPro/libctru/lib\libctru.a(svc.o)
                0x0000000000104844                svcDuplicateHandle
 .text.svcGetSystemTick
                0x0000000000104858        0x8 C:/devkitPro/libctru/lib\libctru.a(svc.o)
                0x0000000000104858                svcGetSystemTick
 .text.svcGetSystemInfo
                0x0000000000104860       0x18 C:/devkitPro/libctru/lib\libctru.a(svc.o)
                0x0000000000104860                svcGetSystemInfo
 .text.svcConnectToPort
                0x0000000000104878       0x14 C:/devkitPro/libctru/lib\libctru.a(svc.o)
                0x0000000000104878                svcConnectToPort
 .text.svcSendSyncRequest
                0x000000000010488c        0x8 C:/devkitPro/libctru/lib\libctru.a(svc.o)
                0x000000000010488c                svcSendSyncRequest
 .text.svcBreak
                0x0000000000104894        0x8 C:/devkitPro/libctru/lib\libctru.a(svc.o)
                0x0000000000104894                svcBreak
 .text._ZL21addrMapNodeComparatorPK11rbtree_nodeS1_
                0x000000000010489c       0x24 C:/devkitPro/libctru/lib\libctru.a(vram.o)
 .text._ZL21addrMapNodeDestructorP11rbtree_node
                0x00000000001048c0        0x4 C:/devkitPro/libctru/lib\libctru.a(vram.o)
 .text.vramMemAlign
                0x00000000001048c4      0x110 C:/devkitPro/libctru/lib\libctru.a(vram.o)
                0x00000000001048c4                vramMemAlign
 .text.vramAlloc
                0x00000000001049d4        0x8 C:/devkitPro/libctru/lib\libctru.a(vram.o)
                0x00000000001049d4                vramAlloc
 .text.vramFree
                0x00000000001049dc       0x50 C:/devkitPro/libctru/lib\libctru.a(vram.o)
                0x00000000001049dc                vramFree
 .text._ZL21addrMapNodeComparatorPK11rbtree_nodeS1_
                0x0000000000104a2c       0x24 C:/devkitPro/libctru/lib\libctru.a(mappable.o)
 .text._ZL21addrMapNodeDestructorP11rbtree_node
                0x0000000000104a50        0x4 C:/devkitPro/libctru/lib\libctru.a(mappable.o)
 .text.mappableAlloc
                0x0000000000104a54       0xe4 C:/devkitPro/libctru/lib\libctru.a(mappable.o)
                0x0000000000104a54                mappableAlloc
 .text.mappableFree
                0x0000000000104b38       0x50 C:/devkitPro/libctru/lib\libctru.a(mappable.o)
                0x0000000000104b38                mappableFree
 .text._ZL21addrMapNodeComparatorPK11rbtree_nodeS1_
                0x0000000000104b88       0x24 C:/devkitPro/libctru/lib\libctru.a(linear.o)
 .text._ZL21addrMapNodeDestructorP11rbtree_node
                0x0000000000104bac        0x4 C:/devkitPro/libctru/lib\libctru.a(linear.o)
 .text.linearMemAlign
                0x0000000000104bb0      0x11c C:/devkitPro/libctru/lib\libctru.a(linear.o)
                0x0000000000104bb0                linearMemAlign
 .text.linearAlloc
                0x0000000000104ccc        0x8 C:/devkitPro/libctru/lib\libctru.a(linear.o)
                0x0000000000104ccc                linearAlloc
 .text.linearFree
                0x0000000000104cd4       0x50 C:/devkitPro/libctru/lib\libctru.a(linear.o)
                0x0000000000104cd4                linearFree
 .text._ZN7MemPool13CoalesceRightEP8MemBlock
                0x0000000000104d24       0x90 C:/devkitPro/libctru/lib\libctru.a(mem_pool.o)
                0x0000000000104d24                MemPool::CoalesceRight(MemBlock*)
 .text._ZN7MemPool8AllocateER8MemChunkmi
                0x0000000000104db4      0x174 C:/devkitPro/libctru/lib\libctru.a(mem_pool.o)
                0x0000000000104db4                MemPool::Allocate(MemChunk&, unsigned long, int)
 .text._ZN7MemPool10DeallocateERK8MemChunk
                0x0000000000104f28       0xfc C:/devkitPro/libctru/lib\libctru.a(mem_pool.o)
                0x0000000000104f28                MemPool::Deallocate(MemChunk const&)
 .text.LightLock_Unlock.part.1
                0x0000000000105024       0x38 C:/devkitPro/libctru/lib\libctru.a(synchronization.o)
 .text.__sync_init
                0x000000000010505c        0xc C:/devkitPro/libctru/lib\libctru.a(synchronization.o)
                0x000000000010505c                __sync_init
 .text.__sync_fini
                0x0000000000105068       0x18 C:/devkitPro/libctru/lib\libctru.a(synchronization.o)
                0x0000000000105068                __sync_fini
 .text.__sync_get_arbiter
                0x0000000000105080       0x10 C:/devkitPro/libctru/lib\libctru.a(synchronization.o)
                0x0000000000105080                __sync_get_arbiter
 .text.LightLock_Init
                0x0000000000105090       0x18 C:/devkitPro/libctru/lib\libctru.a(synchronization.o)
                0x0000000000105090                LightLock_Init
 .text.LightLock_Lock
                0x00000000001050a8       0x9c C:/devkitPro/libctru/lib\libctru.a(synchronization.o)
                0x00000000001050a8                LightLock_Lock
 .text.LightLock_TryLock
                0x0000000000105144       0x34 C:/devkitPro/libctru/lib\libctru.a(synchronization.o)
                0x0000000000105144                LightLock_TryLock
 .text.LightLock_Unlock
                0x0000000000105178       0x20 C:/devkitPro/libctru/lib\libctru.a(synchronization.o)
                0x0000000000105178                LightLock_Unlock
 .text.RecursiveLock_Init
                0x0000000000105198       0x24 C:/devkitPro/libctru/lib\libctru.a(synchronization.o)
                0x0000000000105198                RecursiveLock_Init
 .text.RecursiveLock_Lock
                0x00000000001051bc       0x30 C:/devkitPro/libctru/lib\libctru.a(synchronization.o)
                0x00000000001051bc                RecursiveLock_Lock
 .text.RecursiveLock_TryLock
                0x00000000001051ec       0x58 C:/devkitPro/libctru/lib\libctru.a(synchronization.o)
                0x00000000001051ec                RecursiveLock_TryLock
 .text.RecursiveLock_Unlock
                0x0000000000105244       0x38 C:/devkitPro/libctru/lib\libctru.a(synchronization.o)
                0x0000000000105244                RecursiveLock_Unlock
 .text.LightEvent_Init
                0x000000000010527c       0x38 C:/devkitPro/libctru/lib\libctru.a(synchronization.o)
                0x000000000010527c                LightEvent_Init
 .text.LightEvent_Clear
                0x00000000001052b4       0x7c C:/devkitPro/libctru/lib\libctru.a(synchronization.o)
                0x00000000001052b4                LightEvent_Clear
 .text.LightEvent_Signal
                0x0000000000105330       0xdc C:/devkitPro/libctru/lib\libctru.a(synchronization.o)
                0x0000000000105330                LightEvent_Signal
 .text.LightEvent_Wait
                0x000000000010540c       0xc0 C:/devkitPro/libctru/lib\libctru.a(synchronization.o)
                0x000000000010540c                LightEvent_Wait
 .text.getSysTime
                0x00000000001054cc       0x58 C:/devkitPro/libctru/lib\libctru.a(os.o)
 .text.__ctru_speedup_config.part.0
                0x0000000000105524       0x28 C:/devkitPro/libctru/lib\libctru.a(os.o)
 .text.osGetMemRegionUsed
                0x000000000010554c       0x24 C:/devkitPro/libctru/lib\libctru.a(os.o)
                0x000000000010554c                osGetMemRegionUsed
 .text.__libctru_gtod
                0x0000000000105570      0x128 C:/devkitPro/libctru/lib\libctru.a(os.o)
                0x0000000000105570                __libctru_gtod
 .text.__ctru_speedup_config
                0x0000000000105698       0x18 C:/devkitPro/libctru/lib\libctru.a(os.o)
                0x0000000000105698                __ctru_speedup_config
 .text.srvExit  0x00000000001056b0       0x58 C:/devkitPro/libctru/lib\libctru.a(srv.o)
                0x00000000001056b0                srvExit
 .text.srvRegisterClient
                0x0000000000105708       0x38 C:/devkitPro/libctru/lib\libctru.a(srv.o)
                0x0000000000105708                srvRegisterClient
 .text.srvInit  0x0000000000105740       0xc8 C:/devkitPro/libctru/lib\libctru.a(srv.o)
                0x0000000000105740                srvInit
 .text.srvGetServiceHandleDirect
                0x0000000000105808       0x80 C:/devkitPro/libctru/lib\libctru.a(srv.o)
                0x0000000000105808                srvGetServiceHandleDirect
 .text.srvGetServiceHandle
                0x0000000000105888       0x38 C:/devkitPro/libctru/lib\libctru.a(srv.o)
                0x0000000000105888                srvGetServiceHandle
 .text.threadFree.part.0
                0x00000000001058c0       0x1c C:/devkitPro/libctru/lib\libctru.a(thread.o)
 .text.threadCreate
                0x00000000001058dc      0x194 C:/devkitPro/libctru/lib\libctru.a(thread.o)
                0x00000000001058dc                threadCreate
 .text.threadJoin
                0x0000000000105a70       0x24 C:/devkitPro/libctru/lib\libctru.a(thread.o)
                0x0000000000105a70                threadJoin
 .text.threadExit
                0x0000000000105a94       0x68 C:/devkitPro/libctru/lib\libctru.a(thread.o)
                0x0000000000105a94                threadExit
 .text._thread_begin
                0x0000000000105afc       0x48 C:/devkitPro/libctru/lib\libctru.a(thread.o)
 .text.irrstScanInput
                0x0000000000105b44       0xac C:/devkitPro/libctru/lib\libctru.a(irrst.o)
                0x0000000000105b44                irrstScanInput
 .text.irrstKeysHeld
                0x0000000000105bf0       0x24 C:/devkitPro/libctru/lib\libctru.a(irrst.o)
                0x0000000000105bf0                irrstKeysHeld
 .text.IRRST_GetHandles
                0x0000000000105c14       0x50 C:/devkitPro/libctru/lib\libctru.a(irrst.o)
                0x0000000000105c14                IRRST_GetHandles
 .text.irrstInit
                0x0000000000105c64      0x154 C:/devkitPro/libctru/lib\libctru.a(irrst.o)
                0x0000000000105c64                irrstInit
 .text.IRRST_Shutdown
                0x0000000000105db8       0x2c C:/devkitPro/libctru/lib\libctru.a(irrst.o)
                0x0000000000105db8                IRRST_Shutdown
 .text.irrstExit
                0x0000000000105de4       0xac C:/devkitPro/libctru/lib\libctru.a(irrst.o)
                0x0000000000105de4                irrstExit
 .text.srvPmGetSessionHandle
                0x0000000000105e90        0xc C:/devkitPro/libctru/lib\libctru.a(srvpm.o)
                0x0000000000105e90                srvPmGetSessionHandle
 .text.ptmSysmInit
                0x0000000000105e9c       0x74 C:/devkitPro/libctru/lib\libctru.a(ptmsysm.o)
                0x0000000000105e9c                ptmSysmInit
 .text.ptmSysmExit
                0x0000000000105f10       0x3c C:/devkitPro/libctru/lib\libctru.a(ptmsysm.o)
                0x0000000000105f10                ptmSysmExit
 .text.PTMSYSM_ConfigureNew3DSCPU
                0x0000000000105f4c       0x34 C:/devkitPro/libctru/lib\libctru.a(ptmsysm.o)
                0x0000000000105f4c                PTMSYSM_ConfigureNew3DSCPU
 .text.rbtree_init
                0x0000000000105f80       0x14 C:/devkitPro/libctru/lib\libctru.a(rbtree_init.o)
                0x0000000000105f80                rbtree_init
 .text.do_insert
                0x0000000000105f94      0x18c C:/devkitPro/libctru/lib\libctru.a(rbtree_insert.o)
 .text.rbtree_insert
                0x0000000000106120        0x8 C:/devkitPro/libctru/lib\libctru.a(rbtree_insert.o)
                0x0000000000106120                rbtree_insert
 .text.rbtree_rotate
                0x0000000000106128       0x90 C:/devkitPro/libctru/lib\libctru.a(rbtree_rotate.o)
                0x0000000000106128                rbtree_rotate
 .text.rbtree_remove
                0x00000000001061b8      0x330 C:/devkitPro/libctru/lib\libctru.a(rbtree_remove.o)
                0x00000000001061b8                rbtree_remove
 .text.rbtree_find
                0x00000000001064e8       0x74 C:/devkitPro/libctru/lib\libctru.a(rbtree_find.o)
                0x00000000001064e8                rbtree_find
 .text.__appInit
                0x000000000010655c       0x1c C:/devkitPro/libctru/lib\libctru.a(appInit.o)
                0x000000000010655c                __appInit
 .text.__appExit
                0x0000000000106578       0x1c C:/devkitPro/libctru/lib\libctru.a(appExit.o)
                0x0000000000106578                __appExit
 .text.__libctru_exit
                0x0000000000106594       0xa0 C:/devkitPro/libctru/lib\libctru.a(ctru_exit.o)
                0x0000000000106594                __libctru_exit
 .text.envGetHandle
                0x0000000000106634       0x80 C:/devkitPro/libctru/lib\libctru.a(env.o)
                0x0000000000106634                envGetHandle
 .text.envDestroyHandles
                0x00000000001066b4       0x4c C:/devkitPro/libctru/lib\libctru.a(env.o)
                0x00000000001066b4                envDestroyHandles
 .text.sdmc_link
                0x0000000000106700       0x10 C:/devkitPro/libctru/lib\libctru.a(sdmc_dev.o)
 .text.sdmc_dirreset
                0x0000000000106710       0x10 C:/devkitPro/libctru/lib\libctru.a(sdmc_dev.o)
 .text.sdmc_chmod
                0x0000000000106720       0x10 C:/devkitPro/libctru/lib\libctru.a(sdmc_dev.o)
 .text.error_cmp
                0x0000000000106730       0x24 C:/devkitPro/libctru/lib\libctru.a(sdmc_dev.o)
 .text.sdmc_translate_error
                0x0000000000106754       0x50 C:/devkitPro/libctru/lib\libctru.a(sdmc_dev.o)
 .text.sdmc_fsync
                0x00000000001067a4       0x34 C:/devkitPro/libctru/lib\libctru.a(sdmc_dev.o)
 .text.sdmc_ftruncate
                0x00000000001067d8       0x54 C:/devkitPro/libctru/lib\libctru.a(sdmc_dev.o)
 .text.sdmc_statvfs
                0x000000000010682c       0xb8 C:/devkitPro/libctru/lib\libctru.a(sdmc_dev.o)
 .text.sdmc_dirclose
                0x00000000001068e4       0x38 C:/devkitPro/libctru/lib\libctru.a(sdmc_dev.o)
 .text.sdmc_dirnext
                0x000000000010691c      0x12c C:/devkitPro/libctru/lib\libctru.a(sdmc_dev.o)
 .text.sdmc_close
                0x0000000000106a48       0x34 C:/devkitPro/libctru/lib\libctru.a(sdmc_dev.o)
 .text.sdmc_fstat
                0x0000000000106a7c       0x74 C:/devkitPro/libctru/lib\libctru.a(sdmc_dev.o)
 .text.sdmc_seek
                0x0000000000106af0       0xd8 C:/devkitPro/libctru/lib\libctru.a(sdmc_dev.o)
 .text.sdmc_read
                0x0000000000106bc8       0x84 C:/devkitPro/libctru/lib\libctru.a(sdmc_dev.o)
 .text.sdmc_write
                0x0000000000106c4c       0xc0 C:/devkitPro/libctru/lib\libctru.a(sdmc_dev.o)
 .text.sdmc_utf16path
                0x0000000000106d0c      0x1b0 C:/devkitPro/libctru/lib\libctru.a(sdmc_dev.o)
 .text.sdmc_rmdir
                0x0000000000106ebc       0x74 C:/devkitPro/libctru/lib\libctru.a(sdmc_dev.o)
 .text.sdmc_diropen
                0x0000000000106f30       0xa4 C:/devkitPro/libctru/lib\libctru.a(sdmc_dev.o)
 .text.sdmc_chdir
                0x0000000000106fd4       0xb0 C:/devkitPro/libctru/lib\libctru.a(sdmc_dev.o)
 .text.sdmc_mkdir
                0x0000000000107084       0x94 C:/devkitPro/libctru/lib\libctru.a(sdmc_dev.o)
 .text.sdmc_rename
                0x0000000000107118      0x108 C:/devkitPro/libctru/lib\libctru.a(sdmc_dev.o)
 .text.sdmc_unlink
                0x0000000000107220       0x74 C:/devkitPro/libctru/lib\libctru.a(sdmc_dev.o)
 .text.sdmc_stat
                0x0000000000107294      0x108 C:/devkitPro/libctru/lib\libctru.a(sdmc_dev.o)
 .text.sdmc_open
                0x000000000010739c      0x198 C:/devkitPro/libctru/lib\libctru.a(sdmc_dev.o)
 .text.sdmc_fchmod
                0x0000000000107534       0x10 C:/devkitPro/libctru/lib\libctru.a(sdmc_dev.o)
 .text.sdmcInit
                0x0000000000107544      0x168 C:/devkitPro/libctru/lib\libctru.a(sdmc_dev.o)
                0x0000000000107544                sdmcInit
 .text.sdmcExit
                0x00000000001076ac       0x60 C:/devkitPro/libctru/lib\libctru.a(sdmc_dev.o)
                0x00000000001076ac                sdmcExit
 .text.fsSessionForArchive.part.0
                0x000000000010770c       0x28 C:/devkitPro/libctru/lib\libctru.a(fs.o)
 .text.fsInit   0x0000000000107734       0xc4 C:/devkitPro/libctru/lib\libctru.a(fs.o)
                0x0000000000107734                fsInit
 .text.fsExit   0x00000000001077f8       0x3c C:/devkitPro/libctru/lib\libctru.a(fs.o)
                0x00000000001077f8                fsExit
 .text.fsExemptFromSession
                0x0000000000107834       0x64 C:/devkitPro/libctru/lib\libctru.a(fs.o)
                0x0000000000107834                fsExemptFromSession
 .text.fsUnexemptFromSession
                0x0000000000107898       0x54 C:/devkitPro/libctru/lib\libctru.a(fs.o)
                0x0000000000107898                fsUnexemptFromSession
 .text.FSUSER_OpenFile
                0x00000000001078ec       0xbc C:/devkitPro/libctru/lib\libctru.a(fs.o)
                0x00000000001078ec                FSUSER_OpenFile
 .text.FSUSER_DeleteFile
                0x00000000001079a8       0xa4 C:/devkitPro/libctru/lib\libctru.a(fs.o)
                0x00000000001079a8                FSUSER_DeleteFile
 .text.FSUSER_RenameFile
                0x0000000000107a4c       0xdc C:/devkitPro/libctru/lib\libctru.a(fs.o)
                0x0000000000107a4c                FSUSER_RenameFile
 .text.FSUSER_DeleteDirectory
                0x0000000000107b28       0xa4 C:/devkitPro/libctru/lib\libctru.a(fs.o)
                0x0000000000107b28                FSUSER_DeleteDirectory
 .text.FSUSER_CreateFile
                0x0000000000107bcc       0xbc C:/devkitPro/libctru/lib\libctru.a(fs.o)
                0x0000000000107bcc                FSUSER_CreateFile
 .text.FSUSER_CreateDirectory
                0x0000000000107c88       0xac C:/devkitPro/libctru/lib\libctru.a(fs.o)
                0x0000000000107c88                FSUSER_CreateDirectory
 .text.FSUSER_RenameDirectory
                0x0000000000107d34       0xdc C:/devkitPro/libctru/lib\libctru.a(fs.o)
                0x0000000000107d34                FSUSER_RenameDirectory
 .text.FSUSER_OpenDirectory
                0x0000000000107e10       0xa0 C:/devkitPro/libctru/lib\libctru.a(fs.o)
                0x0000000000107e10                FSUSER_OpenDirectory
 .text.FSUSER_OpenArchive
                0x0000000000107eb0       0x98 C:/devkitPro/libctru/lib\libctru.a(fs.o)
                0x0000000000107eb0                FSUSER_OpenArchive
 .text.FSUSER_CloseArchive
                0x0000000000107f48       0x70 C:/devkitPro/libctru/lib\libctru.a(fs.o)
                0x0000000000107f48                FSUSER_CloseArchive
 .text.FSUSER_GetSdmcArchiveResource
                0x0000000000107fb8       0x78 C:/devkitPro/libctru/lib\libctru.a(fs.o)
                0x0000000000107fb8                FSUSER_GetSdmcArchiveResource
 .text.FSUSER_IsSdmcWritable
                0x0000000000108030       0x64 C:/devkitPro/libctru/lib\libctru.a(fs.o)
                0x0000000000108030                FSUSER_IsSdmcWritable
 .text.FSFILE_Read
                0x0000000000108094       0x58 C:/devkitPro/libctru/lib\libctru.a(fs.o)
                0x0000000000108094                FSFILE_Read
 .text.FSFILE_Write
                0x00000000001080ec       0x64 C:/devkitPro/libctru/lib\libctru.a(fs.o)
                0x00000000001080ec                FSFILE_Write
 .text.FSFILE_GetSize
                0x0000000000108150       0x38 C:/devkitPro/libctru/lib\libctru.a(fs.o)
                0x0000000000108150                FSFILE_GetSize
 .text.FSFILE_SetSize
                0x0000000000108188       0x28 C:/devkitPro/libctru/lib\libctru.a(fs.o)
                0x0000000000108188                FSFILE_SetSize
 .text.FSFILE_Close
                0x00000000001081b0       0x3c C:/devkitPro/libctru/lib\libctru.a(fs.o)
                0x00000000001081b0                FSFILE_Close
 .text.FSFILE_Flush
                0x00000000001081ec       0x24 C:/devkitPro/libctru/lib\libctru.a(fs.o)
                0x00000000001081ec                FSFILE_Flush
 .text.FSDIR_Read
                0x0000000000108210       0x54 C:/devkitPro/libctru/lib\libctru.a(fs.o)
                0x0000000000108210                FSDIR_Read
 .text.FSDIR_Close
                0x0000000000108264       0x3c C:/devkitPro/libctru/lib\libctru.a(fs.o)
                0x0000000000108264                FSDIR_Close
 .text.rbtree_node_next
                0x00000000001082a0       0x78 C:/devkitPro/libctru/lib\libctru.a(rbtree_iterator.o)
                0x00000000001082a0                rbtree_node_next
 .text.utf8_to_utf16
                0x0000000000108318       0xc0 C:/devkitPro/libctru/lib\libctru.a(utf8_to_utf16.o)
                0x0000000000108318                utf8_to_utf16
 .text.decode_utf8
                0x00000000001083d8      0x138 C:/devkitPro/libctru/lib\libctru.a(decode_utf8.o)
                0x00000000001083d8                decode_utf8
 .text.utf16_to_utf8
                0x0000000000108510       0xe8 C:/devkitPro/libctru/lib\libctru.a(utf16_to_utf8.o)
                0x0000000000108510                utf16_to_utf8
 .text.__aeabi_read_tp
                0x00000000001085f8        0xc C:/devkitPro/libctru/lib\libctru.a(readtp.o)
                0x00000000001085f8                __aeabi_read_tp
 .text.encode_utf16
                0x0000000000108604       0x68 C:/devkitPro/libctru/lib\libctru.a(encode_utf16.o)
                0x0000000000108604                encode_utf16
 .text.encode_utf8
                0x000000000010866c      0x104 C:/devkitPro/libctru/lib\libctru.a(encode_utf8.o)
                0x000000000010866c                encode_utf8
 .text.decode_utf16
                0x0000000000108770       0x60 C:/devkitPro/libctru/lib\libctru.a(decode_utf16.o)
                0x0000000000108770                decode_utf16
 .text.__fixdfdi
                0x00000000001087d0       0x2c c:/devkitpro/devkitarm/bin/../lib/gcc/arm-none-eabi/8.3.0/armv6k/fpu\libgcc.a(_fixdfdi.o)
                0x00000000001087d0                __fixdfdi
                0x00000000001087d0                __aeabi_d2lz
 *fill*         0x00000000001087fc        0x4 
 .text.__fixunsdfdi
                0x0000000000108800       0x40 c:/devkitpro/devkitarm/bin/../lib/gcc/arm-none-eabi/8.3.0/armv6k/fpu\libgcc.a(_fixunsdfdi.o)
                0x0000000000108800                __fixunsdfdi
                0x0000000000108800                __aeabi_d2ulz
 .text.__udivmoddi4
                0x0000000000108840      0x128 c:/devkitpro/devkitarm/bin/../lib/gcc/arm-none-eabi/8.3.0/armv6k/fpu\libgcc.a(_udivmoddi4.o)
                0x0000000000108840                __udivmoddi4
 .text.bsearch  0x0000000000108968       0x7c c:/devkitpro/devkitarm/bin/../lib/gcc/arm-none-eabi/8.3.0/../../../../arm-none-eabi/lib/armv6k/fpu\libg.a(lib_a-bsearch.o)
                0x0000000000108968                bsearch
 .text.__libc_fini_array
                0x00000000001089e4       0x40 c:/devkitpro/devkitarm/bin/../lib/gcc/arm-none-eabi/8.3.0/../../../../arm-none-eabi/lib/armv6k/fpu\libg.a(lib_a-fini.o)
                0x00000000001089e4                __libc_fini_array
 .text.__libc_init_array
                0x0000000000108a24       0x7c c:/devkitpro/devkitarm/bin/../lib/gcc/arm-none-eabi/8.3.0/../../../../arm-none-eabi/lib/armv6k/fpu\libg.a(lib_a-init.o)
                0x0000000000108a24                __libc_init_array
 .text.memalign
                0x0000000000108aa0       0x20 c:/devkitpro/devkitarm/bin/../lib/gcc/arm-none-eabi/8.3.0/../../../../arm-none-eabi/lib/armv6k/fpu\libg.a(lib_a-malign.o)
                0x0000000000108aa0                memalign
 .text._memalign_r
                0x0000000000108ac0      0x14c c:/devkitpro/devkitarm/bin/../lib/gcc/arm-none-eabi/8.3.0/../../../../arm-none-eabi/lib/armv6k/fpu\libg.a(lib_a-malignr.o)
                0x0000000000108ac0                _memalign_r
 .text.malloc   0x0000000000108c0c       0x18 c:/devkitpro/devkitarm/bin/../lib/gcc/arm-none-eabi/8.3.0/../../../../arm-none-eabi/lib/armv6k/fpu\libg.a(lib_a-malloc.o)
                0x0000000000108c0c                malloc
 .text.free     0x0000000000108c24       0x18 c:/devkitpro/devkitarm/bin/../lib/gcc/arm-none-eabi/8.3.0/../../../../arm-none-eabi/lib/armv6k/fpu\libg.a(lib_a-malloc.o)
                0x0000000000108c24                free
 .text._malloc_r
                0x0000000000108c3c      0x7d8 c:/devkitpro/devkitarm/bin/../lib/gcc/arm-none-eabi/8.3.0/../../../../arm-none-eabi/lib/armv6k/fpu\libg.a(lib_a-mallocr.o)
                0x0000000000108c3c                _malloc_r
 .text.memchr   0x0000000000109414      0x100 c:/devkitpro/devkitarm/bin/../lib/gcc/arm-none-eabi/8.3.0/../../../../arm-none-eabi/lib/armv6k/fpu\libg.a(lib_a-memchr-stub.o)
                0x0000000000109414                memchr
 .text.memcpy   0x0000000000109514      0x118 c:/devkitpro/devkitarm/bin/../lib/gcc/arm-none-eabi/8.3.0/../../../../arm-none-eabi/lib/armv6k/fpu\libg.a(lib_a-memcpy-stub.o)
                0x0000000000109514                memcpy
 .text.memset   0x000000000010962c      0x114 c:/devkitpro/devkitarm/bin/../lib/gcc/arm-none-eabi/8.3.0/../../../../arm-none-eabi/lib/armv6k/fpu\libg.a(lib_a-memset.o)
                0x000000000010962c                memset
 .text.__malloc_lock
                0x0000000000109740        0xc c:/devkitpro/devkitarm/bin/../lib/gcc/arm-none-eabi/8.3.0/../../../../arm-none-eabi/lib/armv6k/fpu\libg.a(lib_a-mlock.o)
                0x0000000000109740                __malloc_lock
 .text.__malloc_unlock
                0x000000000010974c        0xc c:/devkitpro/devkitarm/bin/../lib/gcc/arm-none-eabi/8.3.0/../../../../arm-none-eabi/lib/armv6k/fpu\libg.a(lib_a-mlock.o)
                0x000000000010974c                __malloc_unlock
 .text._puts_r  0x0000000000109758       0xe0 c:/devkitpro/devkitarm/bin/../lib/gcc/arm-none-eabi/8.3.0/../../../../arm-none-eabi/lib/armv6k/fpu\libg.a(lib_a-puts.o)
                0x0000000000109758                _puts_r
 .text.puts     0x0000000000109838       0x18 c:/devkitpro/devkitarm/bin/../lib/gcc/arm-none-eabi/8.3.0/../../../../arm-none-eabi/lib/armv6k/fpu\libg.a(lib_a-puts.o)
                0x0000000000109838                puts
 .text.setvbuf  0x0000000000109850      0x25c c:/devkitpro/devkitarm/bin/../lib/gcc/arm-none-eabi/8.3.0/../../../../arm-none-eabi/lib/armv6k/fpu\libg.a(lib_a-setvbuf.o)
                0x0000000000109850                setvbuf
 .text.sscanf   0x0000000000109aac       0x74 c:/devkitpro/devkitarm/bin/../lib/gcc/arm-none-eabi/8.3.0/../../../../arm-none-eabi/lib/armv6k/fpu\libg.a(lib_a-sscanf.o)
                0x0000000000109aac                sscanf
 .text.__sread  0x0000000000109b20       0x3c c:/devkitpro/devkitarm/bin/../lib/gcc/arm-none-eabi/8.3.0/../../../../arm-none-eabi/lib/armv6k/fpu\libg.a(lib_a-stdio.o)
                0x0000000000109b20                __sread
 .text.__seofread
                0x0000000000109b5c        0x8 c:/devkitpro/devkitarm/bin/../lib/gcc/arm-none-eabi/8.3.0/../../../../arm-none-eabi/lib/armv6k/fpu\libg.a(lib_a-stdio.o)
                0x0000000000109b5c                __seofread
 .text.__swrite
                0x0000000000109b64       0x68 c:/devkitpro/devkitarm/bin/../lib/gcc/arm-none-eabi/8.3.0/../../../../arm-none-eabi/lib/armv6k/fpu\libg.a(lib_a-stdio.o)
                0x0000000000109b64                __swrite
 .text.__sseek  0x0000000000109bcc       0x48 c:/devkitpro/devkitarm/bin/../lib/gcc/arm-none-eabi/8.3.0/../../../../arm-none-eabi/lib/armv6k/fpu\libg.a(lib_a-stdio.o)
                0x0000000000109bcc                __sseek
 .text.__sclose
                0x0000000000109c14        0x8 c:/devkitpro/devkitarm/bin/../lib/gcc/arm-none-eabi/8.3.0/../../../../arm-none-eabi/lib/armv6k/fpu\libg.a(lib_a-stdio.o)
                0x0000000000109c14                __sclose
 .text.strlen   0x0000000000109c1c       0x5c c:/devkitpro/devkitarm/bin/../lib/gcc/arm-none-eabi/8.3.0/../../../../arm-none-eabi/lib/armv6k/fpu\libg.a(lib_a-strlen-stub.o)
                0x0000000000109c1c                strlen
 .text.strncat  0x0000000000109c78       0x98 c:/devkitpro/devkitarm/bin/../lib/gcc/arm-none-eabi/8.3.0/../../../../arm-none-eabi/lib/armv6k/fpu\libg.a(lib_a-strncat.o)
                0x0000000000109c78                strncat
 .text.strncpy  0x0000000000109d10       0xe0 c:/devkitpro/devkitarm/bin/../lib/gcc/arm-none-eabi/8.3.0/../../../../arm-none-eabi/lib/armv6k/fpu\libg.a(lib_a-strncpy.o)
                0x0000000000109d10                strncpy
 .text.strnlen  0x0000000000109df0       0x5c c:/devkitpro/devkitarm/bin/../lib/gcc/arm-none-eabi/8.3.0/../../../../arm-none-eabi/lib/armv6k/fpu\libg.a(lib_a-strnlen.o)
                0x0000000000109df0                strnlen
 .text.get_arg  0x0000000000109e4c       0x48 c:/devkitpro/devkitarm/bin/../lib/gcc/arm-none-eabi/8.3.0/../../../../arm-none-eabi/lib/armv6k/fpu\libg.a(lib_a-svfscanf.o)
 .text.__ssvfscanf_r
                0x0000000000109e94     0x2acc c:/devkitpro/devkitarm/bin/../lib/gcc/arm-none-eabi/8.3.0/../../../../arm-none-eabi/lib/armv6k/fpu\libg.a(lib_a-svfscanf.o)
                0x0000000000109e94                __ssvfscanf_r
 .text._wcrtomb_r
                0x000000000010c960       0x54 c:/devkitpro/devkitarm/bin/../lib/gcc/arm-none-eabi/8.3.0/../../../../arm-none-eabi/lib/armv6k/fpu\libg.a(lib_a-wcrtomb.o)
                0x000000000010c960                _wcrtomb_r
 .text._wcsrtombs_r
                0x000000000010c9b4       0x20 c:/devkitpro/devkitarm/bin/../lib/gcc/arm-none-eabi/8.3.0/../../../../arm-none-eabi/lib/armv6k/fpu\libg.a(lib_a-wcsrtombs.o)
                0x000000000010c9b4                _wcsrtombs_r
 .text.__swsetup_r
                0x000000000010c9d4      0x150 c:/devkitpro/devkitarm/bin/../lib/gcc/arm-none-eabi/8.3.0/../../../../arm-none-eabi/lib/armv6k/fpu\libg.a(lib_a-wsetup.o)
                0x000000000010c9d4                __swsetup_r
 .text.__sflush_r
                0x000000000010cb24      0x270 c:/devkitpro/devkitarm/bin/../lib/gcc/arm-none-eabi/8.3.0/../../../../arm-none-eabi/lib/armv6k/fpu\libg.a(lib_a-fflush.o)
                0x000000000010cb24                __sflush_r
 .text._fflush_r
                0x000000000010cd94       0x94 c:/devkitpro/devkitarm/bin/../lib/gcc/arm-none-eabi/8.3.0/../../../../arm-none-eabi/lib/armv6k/fpu\libg.a(lib_a-fflush.o)
                0x000000000010cd94                _fflush_r
 .text.std      0x000000000010ce28       0x78 c:/devkitpro/devkitarm/bin/../lib/gcc/arm-none-eabi/8.3.0/../../../../arm-none-eabi/lib/armv6k/fpu\libg.a(lib_a-findfp.o)
 .text._cleanup_r
                0x000000000010cea0        0xc c:/devkitpro/devkitarm/bin/../lib/gcc/arm-none-eabi/8.3.0/../../../../arm-none-eabi/lib/armv6k/fpu\libg.a(lib_a-findfp.o)
                0x000000000010cea0                _cleanup_r
 .text.__sinit  0x000000000010ceac       0x8c c:/devkitpro/devkitarm/bin/../lib/gcc/arm-none-eabi/8.3.0/../../../../arm-none-eabi/lib/armv6k/fpu\libg.a(lib_a-findfp.o)
                0x000000000010ceac                __sinit
 .text.__sfp_lock_acquire
                0x000000000010cf38        0xc c:/devkitpro/devkitarm/bin/../lib/gcc/arm-none-eabi/8.3.0/../../../../arm-none-eabi/lib/armv6k/fpu\libg.a(lib_a-findfp.o)
                0x000000000010cf38                __sfp_lock_acquire
 .text.__sfp_lock_release
                0x000000000010cf44        0xc c:/devkitpro/devkitarm/bin/../lib/gcc/arm-none-eabi/8.3.0/../../../../arm-none-eabi/lib/armv6k/fpu\libg.a(lib_a-findfp.o)
                0x000000000010cf44                __sfp_lock_release
 .text._malloc_trim_r
                0x000000000010cf50       0xf8 c:/devkitpro/devkitarm/bin/../lib/gcc/arm-none-eabi/8.3.0/../../../../arm-none-eabi/lib/armv6k/fpu\libg.a(lib_a-freer.o)
                0x000000000010cf50                _malloc_trim_r
 .text._free_r  0x000000000010d048      0x2e4 c:/devkitpro/devkitarm/bin/../lib/gcc/arm-none-eabi/8.3.0/../../../../arm-none-eabi/lib/armv6k/fpu\libg.a(lib_a-freer.o)
                0x000000000010d048                _free_r
 .text.__sfvwrite_r
                0x000000000010d32c      0x4a4 c:/devkitpro/devkitarm/bin/../lib/gcc/arm-none-eabi/8.3.0/../../../../arm-none-eabi/lib/armv6k/fpu\libg.a(lib_a-fvwrite.o)
                0x000000000010d32c                __sfvwrite_r
 .text._fwalk_reent
                0x000000000010d7d0       0x80 c:/devkitpro/devkitarm/bin/../lib/gcc/arm-none-eabi/8.3.0/../../../../arm-none-eabi/lib/armv6k/fpu\libg.a(lib_a-fwalk.o)
                0x000000000010d7d0                _fwalk_reent
 .text.iswspace
                0x000000000010d850        0x8 c:/devkitpro/devkitarm/bin/../lib/gcc/arm-none-eabi/8.3.0/../../../../arm-none-eabi/lib/armv6k/fpu\libg.a(lib_a-iswspace.o)
                0x000000000010d850                iswspace
 .text._localeconv_r
                0x000000000010d858        0xc c:/devkitpro/devkitarm/bin/../lib/gcc/arm-none-eabi/8.3.0/../../../../arm-none-eabi/lib/armv6k/fpu\libg.a(lib_a-localeconv.o)
                0x000000000010d858                _localeconv_r
 .text.__locale_mb_cur_max
                0x000000000010d864       0x10 c:/devkitpro/devkitarm/bin/../lib/gcc/arm-none-eabi/8.3.0/../../../../arm-none-eabi/lib/armv6k/fpu\libg.a(lib_a-locale.o)
                0x000000000010d864                __locale_mb_cur_max
 .text.__swhatbuf_r
                0x000000000010d874       0x94 c:/devkitpro/devkitarm/bin/../lib/gcc/arm-none-eabi/8.3.0/../../../../arm-none-eabi/lib/armv6k/fpu\libg.a(lib_a-makebuf.o)
                0x000000000010d874                __swhatbuf_r
 .text.__smakebuf_r
                0x000000000010d908       0xf4 c:/devkitpro/devkitarm/bin/../lib/gcc/arm-none-eabi/8.3.0/../../../../arm-none-eabi/lib/armv6k/fpu\libg.a(lib_a-makebuf.o)
                0x000000000010d908                __smakebuf_r
 .text._mbrtowc_r
                0x000000000010d9fc       0x60 c:/devkitpro/devkitarm/bin/../lib/gcc/arm-none-eabi/8.3.0/../../../../arm-none-eabi/lib/armv6k/fpu\libg.a(lib_a-mbrtowc.o)
                0x000000000010d9fc                _mbrtowc_r
 .text.__utf8_mbtowc
                0x000000000010da5c      0x2fc c:/devkitpro/devkitarm/bin/../lib/gcc/arm-none-eabi/8.3.0/../../../../arm-none-eabi/lib/armv6k/fpu\libg.a(lib_a-mbtowc_r.o)
                0x000000000010da5c                __utf8_mbtowc
 .text.memmove  0x000000000010dd58      0x154 c:/devkitpro/devkitarm/bin/../lib/gcc/arm-none-eabi/8.3.0/../../../../arm-none-eabi/lib/armv6k/fpu\libg.a(lib_a-memmove.o)
                0x000000000010dd58                memmove
 .text.realloc  0x000000000010deac       0x20 c:/devkitpro/devkitarm/bin/../lib/gcc/arm-none-eabi/8.3.0/../../../../arm-none-eabi/lib/armv6k/fpu\libg.a(lib_a-realloc.o)
                0x000000000010deac                realloc
 .text._realloc_r
                0x000000000010decc      0x4bc c:/devkitpro/devkitarm/bin/../lib/gcc/arm-none-eabi/8.3.0/../../../../arm-none-eabi/lib/armv6k/fpu\libg.a(lib_a-reallocr.o)
                0x000000000010decc                _realloc_r
 .text.__sccl   0x000000000010e388       0xcc c:/devkitpro/devkitarm/bin/../lib/gcc/arm-none-eabi/8.3.0/../../../../arm-none-eabi/lib/armv6k/fpu\libg.a(lib_a-sccl.o)
                0x000000000010e388                __sccl
 .text.nanf     0x000000000010e454        0xc c:/devkitpro/devkitarm/bin/../lib/gcc/arm-none-eabi/8.3.0/../../../../arm-none-eabi/lib/armv6k/fpu\libg.a(lib_a-sf_nan.o)
                0x000000000010e454                nanf
 .text.sprintf  0x000000000010e460       0x64 c:/devkitpro/devkitarm/bin/../lib/gcc/arm-none-eabi/8.3.0/../../../../arm-none-eabi/lib/armv6k/fpu\libg.a(lib_a-sprintf.o)
                0x000000000010e460                sprintf
 .text.stpncpy  0x000000000010e4c4      0x100 c:/devkitpro/devkitarm/bin/../lib/gcc/arm-none-eabi/8.3.0/../../../../arm-none-eabi/lib/armv6k/fpu\libg.a(lib_a-stpncpy.o)
                0x000000000010e4c4                stpncpy
 .text.strchr   0x000000000010e5c4      0x180 c:/devkitpro/devkitarm/bin/../lib/gcc/arm-none-eabi/8.3.0/../../../../arm-none-eabi/lib/armv6k/fpu\libg.a(lib_a-strchr.o)
                0x000000000010e5c4                strchr
 .text.strncmp  0x000000000010e744      0x10c c:/devkitpro/devkitarm/bin/../lib/gcc/arm-none-eabi/8.3.0/../../../../arm-none-eabi/lib/armv6k/fpu\libg.a(lib_a-strncmp.o)
                0x000000000010e744                strncmp
 .text.sulp     0x000000000010e850       0x54 c:/devkitpro/devkitarm/bin/../lib/gcc/arm-none-eabi/8.3.0/../../../../arm-none-eabi/lib/armv6k/fpu\libg.a(lib_a-strtod.o)
 *fill*         0x000000000010e8a4        0x4 
 .text._strtod_l
                0x000000000010e8a8     0x13c4 c:/devkitpro/devkitarm/bin/../lib/gcc/arm-none-eabi/8.3.0/../../../../arm-none-eabi/lib/armv6k/fpu\libg.a(lib_a-strtod.o)
                0x000000000010e8a8                _strtod_l
 .text._strtod_r
                0x000000000010fc6c        0xc c:/devkitpro/devkitarm/bin/../lib/gcc/arm-none-eabi/8.3.0/../../../../arm-none-eabi/lib/armv6k/fpu\libg.a(lib_a-strtod.o)
                0x000000000010fc6c                _strtod_r
 .text._strtoll_l.isra.0
                0x000000000010fc78      0x25c c:/devkitpro/devkitarm/bin/../lib/gcc/arm-none-eabi/8.3.0/../../../../arm-none-eabi/lib/armv6k/fpu\libg.a(lib_a-strtoll.o)
 .text._strtoll_r
                0x000000000010fed4        0x4 c:/devkitpro/devkitarm/bin/../lib/gcc/arm-none-eabi/8.3.0/../../../../arm-none-eabi/lib/armv6k/fpu\libg.a(lib_a-strtoll.o)
                0x000000000010fed4                _strtoll_r
 .text._strtol_l.isra.0
                0x000000000010fed8      0x1bc c:/devkitpro/devkitarm/bin/../lib/gcc/arm-none-eabi/8.3.0/../../../../arm-none-eabi/lib/armv6k/fpu\libg.a(lib_a-strtol.o)
 .text._strtol_r
                0x0000000000110094        0x4 c:/devkitpro/devkitarm/bin/../lib/gcc/arm-none-eabi/8.3.0/../../../../arm-none-eabi/lib/armv6k/fpu\libg.a(lib_a-strtol.o)
                0x0000000000110094                _strtol_r
 .text._strtoull_l.isra.0
                0x0000000000110098      0x25c c:/devkitpro/devkitarm/bin/../lib/gcc/arm-none-eabi/8.3.0/../../../../arm-none-eabi/lib/armv6k/fpu\libg.a(lib_a-strtoull.o)
 .text._strtoull_r
                0x00000000001102f4        0x4 c:/devkitpro/devkitarm/bin/../lib/gcc/arm-none-eabi/8.3.0/../../../../arm-none-eabi/lib/armv6k/fpu\libg.a(lib_a-strtoull.o)
                0x00000000001102f4                _strtoull_r
 .text._strtoul_l.isra.0
                0x00000000001102f8      0x1d0 c:/devkitpro/devkitarm/bin/../lib/gcc/arm-none-eabi/8.3.0/../../../../arm-none-eabi/lib/armv6k/fpu\libg.a(lib_a-strtoul.o)
 .text._strtoul_r
                0x00000000001104c8        0x4 c:/devkitpro/devkitarm/bin/../lib/gcc/arm-none-eabi/8.3.0/../../../../arm-none-eabi/lib/armv6k/fpu\libg.a(lib_a-strtoul.o)
                0x00000000001104c8                _strtoul_r
 .text.__ssprint_r
                0x00000000001104cc      0x188 c:/devkitpro/devkitarm/bin/../lib/gcc/arm-none-eabi/8.3.0/../../../../arm-none-eabi/lib/armv6k/fpu\libg.a(lib_a-svfiprintf.o)
                0x00000000001104cc                __ssprint_r
 .text._sungetc_r
                0x0000000000110654       0xe4 c:/devkitpro/devkitarm/bin/../lib/gcc/arm-none-eabi/8.3.0/../../../../arm-none-eabi/lib/armv6k/fpu\libg.a(lib_a-svfiscanf.o)
                0x0000000000110654                _sungetc_r
 .text.__ssrefill_r
                0x0000000000110738       0x6c c:/devkitpro/devkitarm/bin/../lib/gcc/arm-none-eabi/8.3.0/../../../../arm-none-eabi/lib/armv6k/fpu\libg.a(lib_a-svfiscanf.o)
                0x0000000000110738                __ssrefill_r
 .text._sfread_r
                0x00000000001107a4       0xc8 c:/devkitpro/devkitarm/bin/../lib/gcc/arm-none-eabi/8.3.0/../../../../arm-none-eabi/lib/armv6k/fpu\libg.a(lib_a-svfiscanf.o)
                0x00000000001107a4                _sfread_r
 .text.get_arg  0x000000000011086c      0x620 c:/devkitpro/devkitarm/bin/../lib/gcc/arm-none-eabi/8.3.0/../../../../arm-none-eabi/lib/armv6k/fpu\libg.a(lib_a-svfprintf.o)
 *fill*         0x0000000000110e8c        0x4 
 .text._svfprintf_r
                0x0000000000110e90     0x35c0 c:/devkitpro/devkitarm/bin/../lib/gcc/arm-none-eabi/8.3.0/../../../../arm-none-eabi/lib/armv6k/fpu\libg.a(lib_a-svfprintf.o)
                0x0000000000110e90                _svfprintf_r
 .text.__submore
                0x0000000000114450       0xa4 c:/devkitpro/devkitarm/bin/../lib/gcc/arm-none-eabi/8.3.0/../../../../arm-none-eabi/lib/armv6k/fpu\libg.a(lib_a-ungetc.o)
                0x0000000000114450                __submore
 .text._wcsnrtombs_l
                0x00000000001144f4      0x184 c:/devkitpro/devkitarm/bin/../lib/gcc/arm-none-eabi/8.3.0/../../../../arm-none-eabi/lib/armv6k/fpu\libg.a(lib_a-wcsnrtombs.o)
                0x00000000001144f4                _wcsnrtombs_l
 .text._wcsnrtombs_r
                0x0000000000114678       0x4c c:/devkitpro/devkitarm/bin/../lib/gcc/arm-none-eabi/8.3.0/../../../../arm-none-eabi/lib/armv6k/fpu\libg.a(lib_a-wcsnrtombs.o)
                0x0000000000114678                _wcsnrtombs_r
 .text.__utf8_wctomb
                0x00000000001146c4       0xe8 c:/devkitpro/devkitarm/bin/../lib/gcc/arm-none-eabi/8.3.0/../../../../arm-none-eabi/lib/armv6k/fpu\libg.a(lib_a-wctomb_r.o)
                0x00000000001146c4                __utf8_wctomb
 .text.quorem   0x00000000001147ac      0x1c8 c:/devkitpro/devkitarm/bin/../lib/gcc/arm-none-eabi/8.3.0/../../../../arm-none-eabi/lib/armv6k/fpu\libg.a(lib_a-dtoa.o)
 *fill*         0x0000000000114974        0x4 
 .text._dtoa_r  0x0000000000114978     0x12ec c:/devkitpro/devkitarm/bin/../lib/gcc/arm-none-eabi/8.3.0/../../../../arm-none-eabi/lib/armv6k/fpu\libg.a(lib_a-dtoa.o)
                0x0000000000114978                _dtoa_r
 .text._fclose_r
                0x0000000000115c64      0x160 c:/devkitpro/devkitarm/bin/../lib/gcc/arm-none-eabi/8.3.0/../../../../arm-none-eabi/lib/armv6k/fpu\libg.a(lib_a-fclose.o)
                0x0000000000115c64                _fclose_r
 .text.rshift   0x0000000000115dc4       0xec c:/devkitpro/devkitarm/bin/../lib/gcc/arm-none-eabi/8.3.0/../../../../arm-none-eabi/lib/armv6k/fpu\libg.a(lib_a-gdtoa-gethex.o)
 .text.__gethex
                0x0000000000115eb0      0x828 c:/devkitpro/devkitarm/bin/../lib/gcc/arm-none-eabi/8.3.0/../../../../arm-none-eabi/lib/armv6k/fpu\libg.a(lib_a-gdtoa-gethex.o)
                0x0000000000115eb0                __gethex
 .text.__match  0x00000000001166d8       0x60 c:/devkitpro/devkitarm/bin/../lib/gcc/arm-none-eabi/8.3.0/../../../../arm-none-eabi/lib/armv6k/fpu\libg.a(lib_a-gdtoa-hexnan.o)
                0x00000000001166d8                __match
 .text.__hexnan
                0x0000000000116738      0x254 c:/devkitpro/devkitarm/bin/../lib/gcc/arm-none-eabi/8.3.0/../../../../arm-none-eabi/lib/armv6k/fpu\libg.a(lib_a-gdtoa-hexnan.o)
                0x0000000000116738                __hexnan
 .text.iswspace_l
                0x000000000011698c       0x3c c:/devkitpro/devkitarm/bin/../lib/gcc/arm-none-eabi/8.3.0/../../../../arm-none-eabi/lib/armv6k/fpu\libg.a(lib_a-iswspace_l.o)
                0x000000000011698c                iswspace_l
 .text.__jp2uc  0x00000000001169c8      0x1e0 c:/devkitpro/devkitarm/bin/../lib/gcc/arm-none-eabi/8.3.0/../../../../arm-none-eabi/lib/armv6k/fpu\libg.a(lib_a-jp2uc.o)
 .text._jp2uc_l
                0x0000000000116ba8       0x94 c:/devkitpro/devkitarm/bin/../lib/gcc/arm-none-eabi/8.3.0/../../../../arm-none-eabi/lib/armv6k/fpu\libg.a(lib_a-jp2uc.o)
                0x0000000000116ba8                _jp2uc_l
 .text._Balloc  0x0000000000116c3c       0x88 c:/devkitpro/devkitarm/bin/../lib/gcc/arm-none-eabi/8.3.0/../../../../arm-none-eabi/lib/armv6k/fpu\libg.a(lib_a-mprec.o)
                0x0000000000116c3c                _Balloc
 .text._Bfree   0x0000000000116cc4       0x1c c:/devkitpro/devkitarm/bin/../lib/gcc/arm-none-eabi/8.3.0/../../../../arm-none-eabi/lib/armv6k/fpu\libg.a(lib_a-mprec.o)
                0x0000000000116cc4                _Bfree
 .text.__multadd
                0x0000000000116ce0       0xe0 c:/devkitpro/devkitarm/bin/../lib/gcc/arm-none-eabi/8.3.0/../../../../arm-none-eabi/lib/armv6k/fpu\libg.a(lib_a-mprec.o)
                0x0000000000116ce0                __multadd
 .text.__s2b    0x0000000000116dc0       0xe4 c:/devkitpro/devkitarm/bin/../lib/gcc/arm-none-eabi/8.3.0/../../../../arm-none-eabi/lib/armv6k/fpu\libg.a(lib_a-mprec.o)
                0x0000000000116dc0                __s2b
 .text.__hi0bits
                0x0000000000116ea4       0x58 c:/devkitpro/devkitarm/bin/../lib/gcc/arm-none-eabi/8.3.0/../../../../arm-none-eabi/lib/armv6k/fpu\libg.a(lib_a-mprec.o)
                0x0000000000116ea4                __hi0bits
 .text.__lo0bits
                0x0000000000116efc       0x9c c:/devkitpro/devkitarm/bin/../lib/gcc/arm-none-eabi/8.3.0/../../../../arm-none-eabi/lib/armv6k/fpu\libg.a(lib_a-mprec.o)
                0x0000000000116efc                __lo0bits
 .text.__i2b    0x0000000000116f98       0x20 c:/devkitpro/devkitarm/bin/../lib/gcc/arm-none-eabi/8.3.0/../../../../arm-none-eabi/lib/armv6k/fpu\libg.a(lib_a-mprec.o)
                0x0000000000116f98                __i2b
 .text.__multiply
                0x0000000000116fb8      0x1c4 c:/devkitpro/devkitarm/bin/../lib/gcc/arm-none-eabi/8.3.0/../../../../arm-none-eabi/lib/armv6k/fpu\libg.a(lib_a-mprec.o)
                0x0000000000116fb8                __multiply
 .text.__pow5mult
                0x000000000011717c      0x100 c:/devkitpro/devkitarm/bin/../lib/gcc/arm-none-eabi/8.3.0/../../../../arm-none-eabi/lib/armv6k/fpu\libg.a(lib_a-mprec.o)
                0x000000000011717c                __pow5mult
 .text.__lshift
                0x000000000011727c       0xf4 c:/devkitpro/devkitarm/bin/../lib/gcc/arm-none-eabi/8.3.0/../../../../arm-none-eabi/lib/armv6k/fpu\libg.a(lib_a-mprec.o)
                0x000000000011727c                __lshift
 .text.__mcmp   0x0000000000117370       0x5c c:/devkitpro/devkitarm/bin/../lib/gcc/arm-none-eabi/8.3.0/../../../../arm-none-eabi/lib/armv6k/fpu\libg.a(lib_a-mprec.o)
                0x0000000000117370                __mcmp
 .text.__mdiff  0x00000000001173cc      0x168 c:/devkitpro/devkitarm/bin/../lib/gcc/arm-none-eabi/8.3.0/../../../../arm-none-eabi/lib/armv6k/fpu\libg.a(lib_a-mprec.o)
                0x00000000001173cc                __mdiff
 .text.__ulp    0x0000000000117534       0x74 c:/devkitpro/devkitarm/bin/../lib/gcc/arm-none-eabi/8.3.0/../../../../arm-none-eabi/lib/armv6k/fpu\libg.a(lib_a-mprec.o)
                0x0000000000117534                __ulp
 .text.__b2d    0x00000000001175a8       0xd4 c:/devkitpro/devkitarm/bin/../lib/gcc/arm-none-eabi/8.3.0/../../../../arm-none-eabi/lib/armv6k/fpu\libg.a(lib_a-mprec.o)
                0x00000000001175a8                __b2d
 .text.__d2b    0x000000000011767c      0x100 c:/devkitpro/devkitarm/bin/../lib/gcc/arm-none-eabi/8.3.0/../../../../arm-none-eabi/lib/armv6k/fpu\libg.a(lib_a-mprec.o)
                0x000000000011767c                __d2b
 .text.__ratio  0x000000000011777c       0x84 c:/devkitpro/devkitarm/bin/../lib/gcc/arm-none-eabi/8.3.0/../../../../arm-none-eabi/lib/armv6k/fpu\libg.a(lib_a-mprec.o)
                0x000000000011777c                __ratio
 .text.__copybits
                0x0000000000117800       0x6c c:/devkitpro/devkitarm/bin/../lib/gcc/arm-none-eabi/8.3.0/../../../../arm-none-eabi/lib/armv6k/fpu\libg.a(lib_a-mprec.o)
                0x0000000000117800                __copybits
 .text.__any_on
                0x000000000011786c       0x78 c:/devkitpro/devkitarm/bin/../lib/gcc/arm-none-eabi/8.3.0/../../../../arm-none-eabi/lib/armv6k/fpu\libg.a(lib_a-mprec.o)
                0x000000000011786c                __any_on
 *fill*         0x00000000001178e4        0x4 
 .text.frexp    0x00000000001178e8       0xa8 c:/devkitpro/devkitarm/bin/../lib/gcc/arm-none-eabi/8.3.0/../../../../arm-none-eabi/lib/armv6k/fpu\libg.a(lib_a-s_frexp.o)
                0x00000000001178e8                frexp
 .text.nan      0x0000000000117990       0x10 c:/devkitpro/devkitarm/bin/../lib/gcc/arm-none-eabi/8.3.0/../../../../arm-none-eabi/lib/armv6k/fpu\libg.a(lib_a-s_nan.o)
                0x0000000000117990                nan
 .text._calloc_r
                0x00000000001179a0       0x94 c:/devkitpro/devkitarm/bin/../lib/gcc/arm-none-eabi/8.3.0/../../../../arm-none-eabi/lib/armv6k/fpu\libg.a(lib_a-callocr.o)
                0x00000000001179a0                _calloc_r
 .text.category
                0x0000000000117a34       0x84 c:/devkitpro/devkitarm/bin/../lib/gcc/arm-none-eabi/8.3.0/../../../../arm-none-eabi/lib/armv6k/fpu\libg.a(lib_a-categories.o)
                0x0000000000117a34                category
 .text.null_write
                0x0000000000117ab8        0x8 c:/devkitpro/devkitarm/bin/../lib/gcc/arm-none-eabi/8.3.0/../../../../arm-none-eabi/lib/armv6k/fpu\libsysbase.a(iosupport.o)
 .text.setDefaultDevice
                0x0000000000117ac0       0x18 c:/devkitpro/devkitarm/bin/../lib/gcc/arm-none-eabi/8.3.0/../../../../arm-none-eabi/lib/armv6k/fpu\libsysbase.a(iosupport.o)
                0x0000000000117ac0                setDefaultDevice
 .text.FindDevice
                0x0000000000117ad8       0xc8 c:/devkitpro/devkitarm/bin/../lib/gcc/arm-none-eabi/8.3.0/../../../../arm-none-eabi/lib/armv6k/fpu\libsysbase.a(iosupport.o)
                0x0000000000117ad8                FindDevice
 .text.RemoveDevice
                0x0000000000117ba0       0x28 c:/devkitpro/devkitarm/bin/../lib/gcc/arm-none-eabi/8.3.0/../../../../arm-none-eabi/lib/armv6k/fpu\libsysbase.a(iosupport.o)
                0x0000000000117ba0                RemoveDevice
 .text.AddDevice
                0x0000000000117bc8       0x9c c:/devkitpro/devkitarm/bin/../lib/gcc/arm-none-eabi/8.3.0/../../../../arm-none-eabi/lib/armv6k/fpu\libsysbase.a(iosupport.o)
                0x0000000000117bc8                AddDevice
 .text._close_r
                0x0000000000117c64       0x84 c:/devkitpro/devkitarm/bin/../lib/gcc/arm-none-eabi/8.3.0/../../../../arm-none-eabi/lib/armv6k/fpu\libsysbase.a(close.o)
                0x0000000000117c64                _close_r
 .text._fstat_r
                0x0000000000117ce8       0x74 c:/devkitpro/devkitarm/bin/../lib/gcc/arm-none-eabi/8.3.0/../../../../arm-none-eabi/lib/armv6k/fpu\libsysbase.a(fstat.o)
                0x0000000000117ce8                _fstat_r
 .text._isatty_r
                0x0000000000117d5c        0x8 c:/devkitpro/devkitarm/bin/../lib/gcc/arm-none-eabi/8.3.0/../../../../arm-none-eabi/lib/armv6k/fpu\libsysbase.a(isatty.o)
                0x0000000000117d5c                _isatty_r
 .text._lseek_r
                0x0000000000117d64       0x84 c:/devkitpro/devkitarm/bin/../lib/gcc/arm-none-eabi/8.3.0/../../../../arm-none-eabi/lib/armv6k/fpu\libsysbase.a(lseek.o)
                0x0000000000117d64                _lseek_r
 .text._read_r  0x0000000000117de8       0x80 c:/devkitpro/devkitarm/bin/../lib/gcc/arm-none-eabi/8.3.0/../../../../arm-none-eabi/lib/armv6k/fpu\libsysbase.a(read.o)
                0x0000000000117de8                _read_r
 .text._sbrk_r  0x0000000000117e68       0x70 c:/devkitpro/devkitarm/bin/../lib/gcc/arm-none-eabi/8.3.0/../../../../arm-none-eabi/lib/armv6k/fpu\libsysbase.a(sbrk.o)
                0x0000000000117e68                _sbrk_r
 .text._write_r
                0x0000000000117ed8       0x80 c:/devkitpro/devkitarm/bin/../lib/gcc/arm-none-eabi/8.3.0/../../../../arm-none-eabi/lib/armv6k/fpu\libsysbase.a(write.o)
                0x0000000000117ed8                _write_r
 .text._concatenate_path
                0x0000000000117f58      0x1cc c:/devkitpro/devkitarm/bin/../lib/gcc/arm-none-eabi/8.3.0/../../../../arm-none-eabi/lib/armv6k/fpu\libsysbase.a(chdir.o)
                0x0000000000117f58                _concatenate_path
 .text.chdir    0x0000000000118124      0x15c c:/devkitpro/devkitarm/bin/../lib/gcc/arm-none-eabi/8.3.0/../../../../arm-none-eabi/lib/armv6k/fpu\libsysbase.a(chdir.o)
                0x0000000000118124                chdir
 .text.__flockfile
                0x0000000000118280        0x8 c:/devkitpro/devkitarm/bin/../lib/gcc/arm-none-eabi/8.3.0/../../../../arm-none-eabi/lib/armv6k/fpu\libsysbase.a(flock.o)
                0x0000000000118280                __flockfile
 .text.__funlockfile
                0x0000000000118288        0x8 c:/devkitpro/devkitarm/bin/../lib/gcc/arm-none-eabi/8.3.0/../../../../arm-none-eabi/lib/armv6k/fpu\libsysbase.a(flock.o)
                0x0000000000118288                __funlockfile
 .text.__libc_lock_acquire
                0x0000000000118290       0x18 c:/devkitpro/devkitarm/bin/../lib/gcc/arm-none-eabi/8.3.0/../../../../arm-none-eabi/lib/armv6k/fpu\libsysbase.a(syscall_support.o)
                0x0000000000118290                __libc_lock_acquire
 .text.__libc_lock_release
                0x00000000001182a8       0x18 c:/devkitpro/devkitarm/bin/../lib/gcc/arm-none-eabi/8.3.0/../../../../arm-none-eabi/lib/armv6k/fpu\libsysbase.a(syscall_support.o)
                0x00000000001182a8                __libc_lock_release
 .text.__libc_lock_init_recursive
                0x00000000001182c0       0x18 c:/devkitpro/devkitarm/bin/../lib/gcc/arm-none-eabi/8.3.0/../../../../arm-none-eabi/lib/armv6k/fpu\libsysbase.a(syscall_support.o)
                0x00000000001182c0                __libc_lock_init_recursive
 .text.__libc_lock_acquire_recursive
                0x00000000001182d8       0x18 c:/devkitpro/devkitarm/bin/../lib/gcc/arm-none-eabi/8.3.0/../../../../arm-none-eabi/lib/armv6k/fpu\libsysbase.a(syscall_support.o)
                0x00000000001182d8                __libc_lock_acquire_recursive
 .text.__libc_lock_release_recursive
                0x00000000001182f0       0x18 c:/devkitpro/devkitarm/bin/../lib/gcc/arm-none-eabi/8.3.0/../../../../arm-none-eabi/lib/armv6k/fpu\libsysbase.a(syscall_support.o)
                0x00000000001182f0                __libc_lock_release_recursive
 .text.__libc_lock_close_recursive
                0x0000000000118308       0x18 c:/devkitpro/devkitarm/bin/../lib/gcc/arm-none-eabi/8.3.0/../../../../arm-none-eabi/lib/armv6k/fpu\libsysbase.a(syscall_support.o)
                0x0000000000118308                __libc_lock_close_recursive
 .text.__release_handle
                0x0000000000118320       0x8c c:/devkitpro/devkitarm/bin/../lib/gcc/arm-none-eabi/8.3.0/../../../../arm-none-eabi/lib/armv6k/fpu\libsysbase.a(handle_manager.o)
                0x0000000000118320                __release_handle
 .text.__get_handle
                0x00000000001183ac       0x18 c:/devkitpro/devkitarm/bin/../lib/gcc/arm-none-eabi/8.3.0/../../../../arm-none-eabi/lib/armv6k/fpu\libsysbase.a(handle_manager.o)
                0x00000000001183ac                __get_handle
 .text.__getreent
                0x00000000001183c4       0x28 c:/devkitpro/devkitarm/bin/../lib/gcc/arm-none-eabi/8.3.0/../../../../arm-none-eabi/lib/armv6k/fpu\libsysbase.a(getreent.o)
                0x00000000001183c4                __getreent
 .text.strrchr  0x00000000001183ec       0x44 c:/devkitpro/devkitarm/bin/../lib/gcc/arm-none-eabi/8.3.0/../../../../arm-none-eabi/lib/armv6k/fpu\libg.a(lib_a-strrchr.o)
                0x00000000001183ec                strrchr
 *(.glue_7)
 .glue_7        0x0000000000118430        0x0 linker stubs
 *(.glue_7t)
 .glue_7t       0x0000000000118430        0x0 linker stubs
 *(.stub)
 *(.gnu.warning)
 *(.gnu.linkonce.t*)
                0x0000000000118430                . = ALIGN (0x4)
 *(.fini)
 .fini          0x0000000000118430        0xc c:/devkitpro/devkitarm/bin/../lib/gcc/arm-none-eabi/8.3.0/armv6k/fpu/crti.o
                0x0000000000118430                _fini
 .fini          0x000000000011843c        0xc c:/devkitpro/devkitarm/bin/../lib/gcc/arm-none-eabi/8.3.0/armv6k/fpu/crtn.o
                0x0000000000118448                . = ALIGN (0x4)

.vfp11_veneer   0x0000000000118448        0x0
 .vfp11_veneer  0x0000000000118448        0x0 linker stubs

.v4_bx          0x0000000000118448        0x0
 .v4_bx         0x0000000000118448        0x0 linker stubs

.iplt           0x0000000000118448        0x0
 .iplt          0x0000000000118448        0x0 c:/devkitpro/devkitarm/bin/../lib/gcc/arm-none-eabi/8.3.0/../../../../arm-none-eabi/lib/armv6k/fpu/3dsx_crt0.o
                0x0000000000119000                . = ALIGN (0x1000)

.rodata         0x0000000000119000     0x7604
 *(.rodata)
 .rodata        0x0000000000119000      0x804 C:/devkitPro/libctru/lib\libctru.a(default_font.bin.o)
                0x0000000000119000                default_font_bin
                0x0000000000119800                default_font_bin_size
                0x0000000000119800                default_font_bin_end
 .rodata        0x0000000000119804        0xc C:/devkitPro/libctru/lib\libctru.a(sdmc_dev.o)
 *(.roda)
 *(.rodata.*)
 .rodata.str1.4
                0x0000000000119810        0xe main.o
 *fill*         0x000000000011981e        0x2 
 .rodata.colorTable
                0x0000000000119820       0x30 C:/devkitPro/libctru/lib\libctru.a(console.o)
 .rodata.con_write.str1.4
                0x0000000000119850       0x52 C:/devkitPro/libctru/lib\libctru.a(console.o)
 *fill*         0x00000000001198a2        0x2 
 .rodata.dotab_stdout
                0x00000000001198a4       0x70 C:/devkitPro/libctru/lib\libctru.a(console.o)
 .rodata.str1.4
                0x0000000000119914       0x10 C:/devkitPro/libctru/lib\libctru.a(console.o)
 .rodata.CSWTCH.56
                0x0000000000119924       0x14 C:/devkitPro/libctru/lib\libctru.a(gfx.o)
 .rodata.framebufferInfoSt
                0x0000000000119938        0x8 C:/devkitPro/libctru/lib\libctru.a(gfx.o)
 .rodata.gspInit.str1.4
                0x0000000000119940        0x9 C:/devkitPro/libctru/lib\libctru.a(gspgpu.o)
 *fill*         0x0000000000119949        0x3 
 .rodata.aptSendCommand.str1.4
                0x000000000011994c       0x16 C:/devkitPro/libctru/lib\libctru.a(apt.o)
 *fill*         0x0000000000119962        0x2 
 .rodata.hidInit.str1.4
                0x0000000000119964       0x15 C:/devkitPro/libctru/lib\libctru.a(hid.o)
 *fill*         0x0000000000119979        0x3 
 .rodata.srvInit.str1.4
                0x000000000011997c        0x5 C:/devkitPro/libctru/lib\libctru.a(srv.o)
 *fill*         0x0000000000119981        0x3 
 .rodata.irrstInit.str1.4
                0x0000000000119984        0x7 C:/devkitPro/libctru/lib\libctru.a(irrst.o)
 *fill*         0x000000000011998b        0x1 
 .rodata.ptmSysmInit.str1.4
                0x000000000011998c        0x9 C:/devkitPro/libctru/lib\libctru.a(ptmsysm.o)
 *fill*         0x0000000000119995        0x3 
 .rodata.error_table
                0x0000000000119998       0x30 C:/devkitPro/libctru/lib\libctru.a(sdmc_dev.o)
 .rodata.sdmcExit.str1.4
                0x00000000001199c8        0x6 C:/devkitPro/libctru/lib\libctru.a(sdmc_dev.o)
 *fill*         0x00000000001199ce        0x2 
 .rodata.str1.4
                0x00000000001199d0        0x5 C:/devkitPro/libctru/lib\libctru.a(sdmc_dev.o)
                                          0x9 (size before relaxing)
 *fill*         0x00000000001199d5        0x3 
 .rodata.fsInit.str1.4
                0x00000000001199d8        0x8 C:/devkitPro/libctru/lib\libctru.a(fs.o)
 .rodata._puts_r.str1.4
                0x00000000001199e0        0x2 c:/devkitpro/devkitarm/bin/../lib/gcc/arm-none-eabi/8.3.0/../../../../arm-none-eabi/lib/armv6k/fpu\libg.a(lib_a-puts.o)
 .rodata.__ssvfscanf_r.str1.1
                0x00000000001199e2        0x5 c:/devkitpro/devkitarm/bin/../lib/gcc/arm-none-eabi/8.3.0/../../../../arm-none-eabi/lib/armv6k/fpu\libg.a(lib_a-svfscanf.o)
                                          0x6 (size before relaxing)
 *fill*         0x00000000001199e7        0x1 
 .rodata.basefix.8784
                0x00000000001199e8       0x22 c:/devkitpro/devkitarm/bin/../lib/gcc/arm-none-eabi/8.3.0/../../../../arm-none-eabi/lib/armv6k/fpu\libg.a(lib_a-svfscanf.o)
 *fill*         0x0000000000119a0a        0x2 
 .rodata._ctype_
                0x0000000000119a0c      0x101 c:/devkitpro/devkitarm/bin/../lib/gcc/arm-none-eabi/8.3.0/../../../../arm-none-eabi/lib/armv6k/fpu\libg.a(lib_a-ctype_.o)
                0x0000000000119a0c                _ctype_
 *fill*         0x0000000000119b0d        0x3 
 .rodata.str1.4
                0x0000000000119b10       0x48 c:/devkitpro/devkitarm/bin/../lib/gcc/arm-none-eabi/8.3.0/../../../../arm-none-eabi/lib/armv6k/fpu\libg.a(lib_a-locale.o)
                                         0x4c (size before relaxing)
 .rodata._mbrtowc_r.str1.4
                0x0000000000119b58        0x1 c:/devkitpro/devkitarm/bin/../lib/gcc/arm-none-eabi/8.3.0/../../../../arm-none-eabi/lib/armv6k/fpu\libg.a(lib_a-mbrtowc.o)
 .rodata._strtod_l.str1.4
                0x0000000000119b58        0xf c:/devkitpro/devkitarm/bin/../lib/gcc/arm-none-eabi/8.3.0/../../../../arm-none-eabi/lib/armv6k/fpu\libg.a(lib_a-strtod.o)
                                         0x11 (size before relaxing)
 *fill*         0x0000000000119b67        0x1 
 .rodata.fpi.7554
                0x0000000000119b68       0x14 c:/devkitpro/devkitarm/bin/../lib/gcc/arm-none-eabi/8.3.0/../../../../arm-none-eabi/lib/armv6k/fpu\libg.a(lib_a-strtod.o)
 .rodata.fpinan.7590
                0x0000000000119b7c       0x14 c:/devkitpro/devkitarm/bin/../lib/gcc/arm-none-eabi/8.3.0/../../../../arm-none-eabi/lib/armv6k/fpu\libg.a(lib_a-strtod.o)
 .rodata.tinytens
                0x0000000000119b90       0x28 c:/devkitpro/devkitarm/bin/../lib/gcc/arm-none-eabi/8.3.0/../../../../arm-none-eabi/lib/armv6k/fpu\libg.a(lib_a-strtod.o)
 .rodata.__action_table
                0x0000000000119bb8       0x6c c:/devkitpro/devkitarm/bin/../lib/gcc/arm-none-eabi/8.3.0/../../../../arm-none-eabi/lib/armv6k/fpu\libg.a(lib_a-svfiprintf.o)
                0x0000000000119bb8                __action_table
 .rodata.__chclass
                0x0000000000119c24      0x100 c:/devkitpro/devkitarm/bin/../lib/gcc/arm-none-eabi/8.3.0/../../../../arm-none-eabi/lib/armv6k/fpu\libg.a(lib_a-svfiprintf.o)
                0x0000000000119c24                __chclass
 .rodata.__state_table
                0x0000000000119d24       0x6c c:/devkitpro/devkitarm/bin/../lib/gcc/arm-none-eabi/8.3.0/../../../../arm-none-eabi/lib/armv6k/fpu\libg.a(lib_a-svfiprintf.o)
                0x0000000000119d24                __state_table
 .rodata._svfprintf_r.str1.1
                0x0000000000119d90       0x3b c:/devkitpro/devkitarm/bin/../lib/gcc/arm-none-eabi/8.3.0/../../../../arm-none-eabi/lib/armv6k/fpu\libg.a(lib_a-svfprintf.o)
 *fill*         0x0000000000119dcb        0x1 
 .rodata.blanks.8740
                0x0000000000119dcc       0x10 c:/devkitpro/devkitarm/bin/../lib/gcc/arm-none-eabi/8.3.0/../../../../arm-none-eabi/lib/armv6k/fpu\libg.a(lib_a-svfprintf.o)
 .rodata.zeroes.8741
                0x0000000000119ddc       0x10 c:/devkitpro/devkitarm/bin/../lib/gcc/arm-none-eabi/8.3.0/../../../../arm-none-eabi/lib/armv6k/fpu\libg.a(lib_a-svfprintf.o)
 .rodata._dtoa_r.str1.4
                0x0000000000119dec       0x12 c:/devkitpro/devkitarm/bin/../lib/gcc/arm-none-eabi/8.3.0/../../../../arm-none-eabi/lib/armv6k/fpu\libg.a(lib_a-dtoa.o)
 *fill*         0x0000000000119dfe        0x2 
 .rodata.__hexdig
                0x0000000000119e00      0x100 c:/devkitpro/devkitarm/bin/../lib/gcc/arm-none-eabi/8.3.0/../../../../arm-none-eabi/lib/armv6k/fpu\libg.a(lib_a-gdtoa-gethex.o)
                0x0000000000119e00                __hexdig
 .rodata._jp2uc_l.str1.4
                0x0000000000119f00       0x12 c:/devkitpro/devkitarm/bin/../lib/gcc/arm-none-eabi/8.3.0/../../../../arm-none-eabi/lib/armv6k/fpu\libg.a(lib_a-jp2uc.o)
 *fill*         0x0000000000119f12        0x2 
 .rodata.a1     0x0000000000119f14       0xbc c:/devkitpro/devkitarm/bin/../lib/gcc/arm-none-eabi/8.3.0/../../../../arm-none-eabi/lib/armv6k/fpu\libg.a(lib_a-jp2uc.o)
 .rodata.a2     0x0000000000119fd0       0xbc c:/devkitpro/devkitarm/bin/../lib/gcc/arm-none-eabi/8.3.0/../../../../arm-none-eabi/lib/armv6k/fpu\libg.a(lib_a-jp2uc.o)
 .rodata.a3     0x000000000011a08c       0x5b c:/devkitpro/devkitarm/bin/../lib/gcc/arm-none-eabi/8.3.0/../../../../arm-none-eabi/lib/armv6k/fpu\libg.a(lib_a-jp2uc.o)
 *fill*         0x000000000011a0e7        0x1 
 .rodata.a6     0x000000000011a0e8       0x70 c:/devkitpro/devkitarm/bin/../lib/gcc/arm-none-eabi/8.3.0/../../../../arm-none-eabi/lib/armv6k/fpu\libg.a(lib_a-jp2uc.o)
 .rodata.a7     0x000000000011a158       0xa2 c:/devkitpro/devkitarm/bin/../lib/gcc/arm-none-eabi/8.3.0/../../../../arm-none-eabi/lib/armv6k/fpu\libg.a(lib_a-jp2uc.o)
 *fill*         0x000000000011a1fa        0x2 
 .rodata.a8     0x000000000011a1fc       0x40 c:/devkitpro/devkitarm/bin/../lib/gcc/arm-none-eabi/8.3.0/../../../../arm-none-eabi/lib/armv6k/fpu\libg.a(lib_a-jp2uc.o)
 .rodata.b02cf  0x000000000011a23c     0x172a c:/devkitpro/devkitarm/bin/../lib/gcc/arm-none-eabi/8.3.0/../../../../arm-none-eabi/lib/armv6k/fpu\libg.a(lib_a-jp2uc.o)
 *fill*         0x000000000011b966        0x2 
 .rodata.d02f4  0x000000000011b968     0x1a7c c:/devkitpro/devkitarm/bin/../lib/gcc/arm-none-eabi/8.3.0/../../../../arm-none-eabi/lib/armv6k/fpu\libg.a(lib_a-jp2uc.o)
 .rodata._C_numeric_locale
                0x000000000011d3e4        0xc c:/devkitpro/devkitarm/bin/../lib/gcc/arm-none-eabi/8.3.0/../../../../arm-none-eabi/lib/armv6k/fpu\libg.a(lib_a-lnumeric.o)
                0x000000000011d3e4                _C_numeric_locale
 .rodata.str1.4
                0x000000000011d3f0        0x5 c:/devkitpro/devkitarm/bin/../lib/gcc/arm-none-eabi/8.3.0/../../../../arm-none-eabi/lib/armv6k/fpu\libg.a(lib_a-lnumeric.o)
 .rodata.__mprec_bigtens
                0x000000000011d3f0       0x28 c:/devkitpro/devkitarm/bin/../lib/gcc/arm-none-eabi/8.3.0/../../../../arm-none-eabi/lib/armv6k/fpu\libg.a(lib_a-mprec.o)
                0x000000000011d3f0                __mprec_bigtens
 .rodata.__mprec_tens
                0x000000000011d418       0xc8 c:/devkitpro/devkitarm/bin/../lib/gcc/arm-none-eabi/8.3.0/../../../../arm-none-eabi/lib/armv6k/fpu\libg.a(lib_a-mprec.o)
                0x000000000011d418                __mprec_tens
 .rodata.p05.7474
                0x000000000011d4e0        0xc c:/devkitpro/devkitarm/bin/../lib/gcc/arm-none-eabi/8.3.0/../../../../arm-none-eabi/lib/armv6k/fpu\libg.a(lib_a-mprec.o)
 .rodata.categories
                0x000000000011d4ec     0x309c c:/devkitpro/devkitarm/bin/../lib/gcc/arm-none-eabi/8.3.0/../../../../arm-none-eabi/lib/armv6k/fpu\libg.a(lib_a-categories.o)
 .rodata.AddDevice.str1.4
                0x0000000000120588        0x8 c:/devkitpro/devkitarm/bin/../lib/gcc/arm-none-eabi/8.3.0/../../../../arm-none-eabi/lib/armv6k/fpu\libsysbase.a(iosupport.o)
 .rodata.dotab_stdnull
                0x0000000000120590       0x70 c:/devkitpro/devkitarm/bin/../lib/gcc/arm-none-eabi/8.3.0/../../../../arm-none-eabi/lib/armv6k/fpu\libsysbase.a(iosupport.o)
                0x0000000000120590                dotab_stdnull
 .rodata.DIRECTORY_PARENT
                0x0000000000120600        0x3 c:/devkitpro/devkitarm/bin/../lib/gcc/arm-none-eabi/8.3.0/../../../../arm-none-eabi/lib/armv6k/fpu\libsysbase.a(chdir.o)
                0x0000000000120600                DIRECTORY_PARENT
 *all.rodata*(*)
 *(.gnu.linkonce.r*)
                0x0000000000120604                . = ALIGN (0x4)
 *fill*         0x0000000000120603        0x1 

.eh_frame       0x0000000000120604        0x0
 .eh_frame      0x0000000000120604        0x0 c:/devkitpro/devkitarm/bin/../lib/gcc/arm-none-eabi/8.3.0/armv6k/fpu/crtbegin.o

.rel.dyn        0x0000000000120604        0x0
 .rel.iplt      0x0000000000120604        0x0 c:/devkitpro/devkitarm/bin/../lib/gcc/arm-none-eabi/8.3.0/../../../../arm-none-eabi/lib/armv6k/fpu/3dsx_crt0.o

.ARM.extab
 *(.ARM.extab* .gnu.linkonce.armextab.*)
                0x0000000000120604                __exidx_start = .

ARM.exidx
 *(.ARM.exidx* .gnu.linkonce.armexidx.*)
                0x0000000000120604                __exidx_end = .
                0x0000000000121000                . = ALIGN (0x1000)

.data           0x0000000000121000     0x23a4
 *(.data)
 .data          0x0000000000121000        0x4 C:/devkitPro/libctru/lib\libctru.a(stack_adjust.o)
                0x0000000000121000                __stacksize__
 *(.data.*)
 .data.currentConsole
                0x0000000000121004        0x4 C:/devkitPro/libctru/lib\libctru.a(console.o)
                0x0000000000121004                currentConsole
 .data.defaultConsole
                0x0000000000121008       0x4c C:/devkitPro/libctru/lib\libctru.a(console.o)
                0x0000000000121008                defaultConsole
 .data.firstConsoleInit.8423
                0x0000000000121054        0x1 C:/devkitPro/libctru/lib\libctru.a(console.o)
 .data.botFormat
                0x0000000000121055        0x1 C:/devkitPro/libctru/lib\libctru.a(gfx.o)
 *fill*         0x0000000000121056        0x2 
 .data.doubleBuf
                0x0000000000121058        0x8 C:/devkitPro/libctru/lib\libctru.a(gfx.o)
 .data.topFormat
                0x0000000000121060        0x1 C:/devkitPro/libctru/lib\libctru.a(gfx.o)
 *fill*         0x0000000000121061        0x3 
 .data.gspLastEvent
                0x0000000000121064        0x4 C:/devkitPro/libctru/lib\libctru.a(gspgpu.o)
 .data.aptFlags
                0x0000000000121068        0x4 C:/devkitPro/libctru/lib\libctru.a(apt.o)
 .data.__ctru_linear_heap_size
                0x000000000012106c        0x4 C:/devkitPro/libctru/lib\libctru.a(allocateHeaps.o)
                0x000000000012106c                __ctru_linear_heap_size
 .data.__cwd    0x0000000000121070      0x401 C:/devkitPro/libctru/lib\libctru.a(sdmc_dev.o)
 *fill*         0x0000000000121471        0x3 
 .data.sdmc_devoptab
                0x0000000000121474       0x70 C:/devkitPro/libctru/lib\libctru.a(sdmc_dev.o)
 .data._impure_ptr
                0x00000000001214e4        0x4 c:/devkitpro/devkitarm/bin/../lib/gcc/arm-none-eabi/8.3.0/../../../../arm-none-eabi/lib/armv6k/fpu\libg.a(lib_a-impure.o)
                0x00000000001214e4                _impure_ptr
 .data.impure_data
                0x00000000001214e8      0x460 c:/devkitpro/devkitarm/bin/../lib/gcc/arm-none-eabi/8.3.0/../../../../arm-none-eabi/lib/armv6k/fpu\libg.a(lib_a-impure.o)
 .data.__malloc_av_
                0x0000000000121948      0x408 c:/devkitpro/devkitarm/bin/../lib/gcc/arm-none-eabi/8.3.0/../../../../arm-none-eabi/lib/armv6k/fpu\libg.a(lib_a-mallocr.o)
                0x0000000000121948                __malloc_av_
 .data.__malloc_sbrk_base
                0x0000000000121d50        0x4 c:/devkitpro/devkitarm/bin/../lib/gcc/arm-none-eabi/8.3.0/../../../../arm-none-eabi/lib/armv6k/fpu\libg.a(lib_a-mallocr.o)
                0x0000000000121d50                __malloc_sbrk_base
 .data.__malloc_trim_threshold
                0x0000000000121d54        0x4 c:/devkitpro/devkitarm/bin/../lib/gcc/arm-none-eabi/8.3.0/../../../../arm-none-eabi/lib/armv6k/fpu\libg.a(lib_a-mallocr.o)
                0x0000000000121d54                __malloc_trim_threshold
 .data.__malloc_recursive_mutex
                0x0000000000121d58        0xc c:/devkitpro/devkitarm/bin/../lib/gcc/arm-none-eabi/8.3.0/../../../../arm-none-eabi/lib/armv6k/fpu\libg.a(lib_a-mlock.o)
 .data.__sfp_recursive_mutex
                0x0000000000121d64        0xc c:/devkitpro/devkitarm/bin/../lib/gcc/arm-none-eabi/8.3.0/../../../../arm-none-eabi/lib/armv6k/fpu\libg.a(lib_a-findfp.o)
 .data.__sinit_recursive_mutex
                0x0000000000121d70        0xc c:/devkitpro/devkitarm/bin/../lib/gcc/arm-none-eabi/8.3.0/../../../../arm-none-eabi/lib/armv6k/fpu\libg.a(lib_a-findfp.o)
 .data.__global_locale
                0x0000000000121d7c      0x16c c:/devkitpro/devkitarm/bin/../lib/gcc/arm-none-eabi/8.3.0/../../../../arm-none-eabi/lib/armv6k/fpu\libg.a(lib_a-locale.o)
                0x0000000000121d7c                __global_locale
 .data.numempty
                0x0000000000121ee8        0x2 c:/devkitpro/devkitarm/bin/../lib/gcc/arm-none-eabi/8.3.0/../../../../arm-none-eabi/lib/armv6k/fpu\libg.a(lib_a-lnumeric.o)
 *fill*         0x0000000000121eea        0x2 
 .data.defaultDevice
                0x0000000000121eec        0x4 c:/devkitpro/devkitarm/bin/../lib/gcc/arm-none-eabi/8.3.0/../../../../arm-none-eabi/lib/armv6k/fpu\libsysbase.a(iosupport.o)
 .data.devoptab_list
                0x0000000000121ef0       0x8c c:/devkitpro/devkitarm/bin/../lib/gcc/arm-none-eabi/8.3.0/../../../../arm-none-eabi/lib/armv6k/fpu\libsysbase.a(iosupport.o)
                0x0000000000121ef0                devoptab_list
 .data._current_working_directory
                0x0000000000121f7c      0x400 c:/devkitpro/devkitarm/bin/../lib/gcc/arm-none-eabi/8.3.0/../../../../arm-none-eabi/lib/armv6k/fpu\libsysbase.a(chdir.o)
 .data.__hndl_lock
                0x000000000012237c        0x4 c:/devkitpro/devkitarm/bin/../lib/gcc/arm-none-eabi/8.3.0/../../../../arm-none-eabi/lib/armv6k/fpu\libsysbase.a(handle_manager.o)
 .data.__stderr_handle
                0x0000000000122380        0xc c:/devkitpro/devkitarm/bin/../lib/gcc/arm-none-eabi/8.3.0/../../../../arm-none-eabi/lib/armv6k/fpu\libsysbase.a(handle_manager.o)
 .data.__stdin_handle
                0x000000000012238c        0xc c:/devkitpro/devkitarm/bin/../lib/gcc/arm-none-eabi/8.3.0/../../../../arm-none-eabi/lib/armv6k/fpu\libsysbase.a(handle_manager.o)
 .data.__stdout_handle
                0x0000000000122398        0xc c:/devkitpro/devkitarm/bin/../lib/gcc/arm-none-eabi/8.3.0/../../../../arm-none-eabi/lib/armv6k/fpu\libsysbase.a(handle_manager.o)
 .data.handles  0x00000000001223a4     0x1000 c:/devkitpro/devkitarm/bin/../lib/gcc/arm-none-eabi/8.3.0/../../../../arm-none-eabi/lib/armv6k/fpu\libsysbase.a(handle_manager.o)
 *(.gnu.linkonce.d*)
                0x00000000001233a4                . = ALIGN (0x4)

.igot.plt       0x00000000001233a4        0x0
 .igot.plt      0x00000000001233a4        0x0 c:/devkitpro/devkitarm/bin/../lib/gcc/arm-none-eabi/8.3.0/../../../../arm-none-eabi/lib/armv6k/fpu/3dsx_crt0.o

.tm_clone_table
                0x00000000001233a4        0x0
 .tm_clone_table
                0x00000000001233a4        0x0 c:/devkitpro/devkitarm/bin/../lib/gcc/arm-none-eabi/8.3.0/armv6k/fpu/crtbegin.o
 .tm_clone_table
                0x00000000001233a4        0x0 c:/devkitpro/devkitarm/bin/../lib/gcc/arm-none-eabi/8.3.0/armv6k/fpu/crtend.o
                0x00000000001233a4                __TMC_END__

.tdata          0x00000000001233a4        0x0
                0x00000000001233a4                __tdata_lma = .
 *(.tdata)
 *(.tdata.*)
 *(.gnu.linkonce.td.*)
                0x00000000001233a4                . = ALIGN (0x4)
                0x00000000001233a4                __tdata_lma_end = .

.tbss           0x00000000001233a4     0x140c
 *(.tbss)
 *(.tbss.*)
 .tbss.__fixedpath
                0x00000000001233a4      0x401 C:/devkitPro/libctru/lib\libctru.a(sdmc_dev.o)
 *fill*         0x00000000001237a5        0x3 
 .tbss.__utf16path
                0x00000000001237a8      0x802 C:/devkitPro/libctru/lib\libctru.a(sdmc_dev.o)
 *fill*         0x0000000000123faa        0x2 
 .tbss.__utf16path_old.8577
                0x0000000000123fac      0x802 C:/devkitPro/libctru/lib\libctru.a(sdmc_dev.o)
 *(.gnu.linkonce.tb.*)
 *(.tcommon)
                0x00000000001247b0                . = ALIGN (0x4)
 *fill*         0x00000000001247ae        0x2 

.preinit_array  0x00000000001233a4        0x0
                0x00000000001233a4                PROVIDE (__preinit_array_start = .)
 *(.preinit_array)
                0x00000000001233a4                PROVIDE (__preinit_array_end = .)

.init_array     0x00000000001233a4        0x4